Archive member included to satisfy reference by file (symbol)

c:/st/stm32cubeide_1.3.0/stm32cubeide/plugins/com.st.stm32cube.ide.mcu.externaltools.gnu-tools-for-stm32.9-2020-q2-update.win32_1.5.0.202011040924/tools/bin/../lib/gcc/arm-none-eabi/9.3.1/../../../../arm-none-eabi/lib/thumb/v7-m/nofp\libc_nano.a(lib_a-errno.o)
                              Src/syscalls.o (__errno)
c:/st/stm32cubeide_1.3.0/stm32cubeide/plugins/com.st.stm32cube.ide.mcu.externaltools.gnu-tools-for-stm32.9-2020-q2-update.win32_1.5.0.202011040924/tools/bin/../lib/gcc/arm-none-eabi/9.3.1/../../../../arm-none-eabi/lib/thumb/v7-m/nofp\libc_nano.a(lib_a-exit.o)
                              c:/st/stm32cubeide_1.3.0/stm32cubeide/plugins/com.st.stm32cube.ide.mcu.externaltools.gnu-tools-for-stm32.9-2020-q2-update.win32_1.5.0.202011040924/tools/bin/../lib/gcc/arm-none-eabi/9.3.1/../../../../arm-none-eabi/lib/thumb/v7-m/nofp/crt0.o (exit)
c:/st/stm32cubeide_1.3.0/stm32cubeide/plugins/com.st.stm32cube.ide.mcu.externaltools.gnu-tools-for-stm32.9-2020-q2-update.win32_1.5.0.202011040924/tools/bin/../lib/gcc/arm-none-eabi/9.3.1/../../../../arm-none-eabi/lib/thumb/v7-m/nofp\libc_nano.a(lib_a-impure.o)
                              c:/st/stm32cubeide_1.3.0/stm32cubeide/plugins/com.st.stm32cube.ide.mcu.externaltools.gnu-tools-for-stm32.9-2020-q2-update.win32_1.5.0.202011040924/tools/bin/../lib/gcc/arm-none-eabi/9.3.1/../../../../arm-none-eabi/lib/thumb/v7-m/nofp\libc_nano.a(lib_a-exit.o) (_global_impure_ptr)
c:/st/stm32cubeide_1.3.0/stm32cubeide/plugins/com.st.stm32cube.ide.mcu.externaltools.gnu-tools-for-stm32.9-2020-q2-update.win32_1.5.0.202011040924/tools/bin/../lib/gcc/arm-none-eabi/9.3.1/../../../../arm-none-eabi/lib/thumb/v7-m/nofp\libc_nano.a(lib_a-init.o)
                              c:/st/stm32cubeide_1.3.0/stm32cubeide/plugins/com.st.stm32cube.ide.mcu.externaltools.gnu-tools-for-stm32.9-2020-q2-update.win32_1.5.0.202011040924/tools/bin/../lib/gcc/arm-none-eabi/9.3.1/../../../../arm-none-eabi/lib/thumb/v7-m/nofp/crt0.o (__libc_init_array)
c:/st/stm32cubeide_1.3.0/stm32cubeide/plugins/com.st.stm32cube.ide.mcu.externaltools.gnu-tools-for-stm32.9-2020-q2-update.win32_1.5.0.202011040924/tools/bin/../lib/gcc/arm-none-eabi/9.3.1/../../../../arm-none-eabi/lib/thumb/v7-m/nofp\libc_nano.a(lib_a-memset.o)
                              c:/st/stm32cubeide_1.3.0/stm32cubeide/plugins/com.st.stm32cube.ide.mcu.externaltools.gnu-tools-for-stm32.9-2020-q2-update.win32_1.5.0.202011040924/tools/bin/../lib/gcc/arm-none-eabi/9.3.1/../../../../arm-none-eabi/lib/thumb/v7-m/nofp/crt0.o (memset)
c:/st/stm32cubeide_1.3.0/stm32cubeide/plugins/com.st.stm32cube.ide.mcu.externaltools.gnu-tools-for-stm32.9-2020-q2-update.win32_1.5.0.202011040924/tools/bin/../lib/gcc/arm-none-eabi/9.3.1/../../../../arm-none-eabi/lib/thumb/v7-m/nofp\libc_nano.a(lib_a-sprintf.o)
                              Src/main.o (sprintf)
c:/st/stm32cubeide_1.3.0/stm32cubeide/plugins/com.st.stm32cube.ide.mcu.externaltools.gnu-tools-for-stm32.9-2020-q2-update.win32_1.5.0.202011040924/tools/bin/../lib/gcc/arm-none-eabi/9.3.1/../../../../arm-none-eabi/lib/thumb/v7-m/nofp\libc_nano.a(lib_a-nano-svfprintf.o)
                              c:/st/stm32cubeide_1.3.0/stm32cubeide/plugins/com.st.stm32cube.ide.mcu.externaltools.gnu-tools-for-stm32.9-2020-q2-update.win32_1.5.0.202011040924/tools/bin/../lib/gcc/arm-none-eabi/9.3.1/../../../../arm-none-eabi/lib/thumb/v7-m/nofp\libc_nano.a(lib_a-sprintf.o) (_svfprintf_r)
c:/st/stm32cubeide_1.3.0/stm32cubeide/plugins/com.st.stm32cube.ide.mcu.externaltools.gnu-tools-for-stm32.9-2020-q2-update.win32_1.5.0.202011040924/tools/bin/../lib/gcc/arm-none-eabi/9.3.1/../../../../arm-none-eabi/lib/thumb/v7-m/nofp\libc_nano.a(lib_a-nano-vfprintf_i.o)
                              c:/st/stm32cubeide_1.3.0/stm32cubeide/plugins/com.st.stm32cube.ide.mcu.externaltools.gnu-tools-for-stm32.9-2020-q2-update.win32_1.5.0.202011040924/tools/bin/../lib/gcc/arm-none-eabi/9.3.1/../../../../arm-none-eabi/lib/thumb/v7-m/nofp\libc_nano.a(lib_a-nano-svfprintf.o) (_printf_i)
c:/st/stm32cubeide_1.3.0/stm32cubeide/plugins/com.st.stm32cube.ide.mcu.externaltools.gnu-tools-for-stm32.9-2020-q2-update.win32_1.5.0.202011040924/tools/bin/../lib/gcc/arm-none-eabi/9.3.1/../../../../arm-none-eabi/lib/thumb/v7-m/nofp\libc_nano.a(lib_a-memchr-stub.o)
                              c:/st/stm32cubeide_1.3.0/stm32cubeide/plugins/com.st.stm32cube.ide.mcu.externaltools.gnu-tools-for-stm32.9-2020-q2-update.win32_1.5.0.202011040924/tools/bin/../lib/gcc/arm-none-eabi/9.3.1/../../../../arm-none-eabi/lib/thumb/v7-m/nofp\libc_nano.a(lib_a-nano-svfprintf.o) (memchr)
c:/st/stm32cubeide_1.3.0/stm32cubeide/plugins/com.st.stm32cube.ide.mcu.externaltools.gnu-tools-for-stm32.9-2020-q2-update.win32_1.5.0.202011040924/tools/bin/../lib/gcc/arm-none-eabi/9.3.1/../../../../arm-none-eabi/lib/thumb/v7-m/nofp\libc_nano.a(lib_a-memcpy-stub.o)
[...]
Memory Configuration

Name             Origin             Length             Attributes
RAM              0x0000000020000000 0x0000000000005000 xrw
ROM              0x0000000008000000 0x0000000000010000 xr
*default*        0x0000000000000000 0xffffffffffffffff

Linker script and memory map

LOAD c:/st/stm32cubeide_1.3.0/stm32cubeide/plugins/com.st.stm32cube.ide.mcu.externaltools.gnu-tools-for-stm32.9-2020-q2-update.win32_1.5.0.202011040924/tools/bin/../lib/gcc/arm-none-eabi/9.3.1/thumb/v7-m/nofp/crti.o
LOAD c:/st/stm32cubeide_1.3.0/stm32cubeide/plugins/com.st.stm32cube.ide.mcu.externaltools.gnu-tools-for-stm32.9-2020-q2-update.win32_1.5.0.202011040924/tools/bin/../lib/gcc/arm-none-eabi/9.3.1/thumb/v7-m/nofp/crtbegin.o
LOAD c:/st/stm32cubeide_1.3.0/stm32cubeide/plugins/com.st.stm32cube.ide.mcu.externaltools.gnu-tools-for-stm32.9-2020-q2-update.win32_1.5.0.202011040924/tools/bin/../lib/gcc/arm-none-eabi/9.3.1/../../../../arm-none-eabi/lib/thumb/v7-m/nofp/crt0.o
LOAD CMSIS/Src/startup_stm32f103c8tx.o
LOAD CMSIS/Src/system_stm32f1xx.o
LOAD Drivers/Src/bme280.o
LOAD Drivers/Src/delay.o
LOAD Drivers/Src/fonts.o
LOAD Drivers/Src/hc_12.o
LOAD Drivers/Src/ssd1306.o
LOAD Drivers/Src/stm32_i2c.o
LOAD Drivers/Src/stm32_rcc.o
LOAD Drivers/Src/stm32_spi.o
LOAD Drivers/Src/stm32_usart.o
LOAD Drivers/Src/xprintf.o
LOAD Src/main.o
LOAD Src/syscalls.o
LOAD Src/sysmem.o
START GROUP
LOAD c:/st/stm32cubeide_1.3.0/stm32cubeide/plugins/com.st.stm32cube.ide.mcu.externaltools.gnu-tools-for-stm32.9-2020-q2-update.win32_1.5.0.202011040924/tools/bin/../lib/gcc/arm-none-eabi/9.3.1/../../../../arm-none-eabi/lib/thumb/v7-m/nofp\libc_nano.a
LOAD c:/st/stm32cubeide_1.3.0/stm32cubeide/plugins/com.st.stm32cube.ide.mcu.externaltools.gnu-tools-for-stm32.9-2020-q2-update.win32_1.5.0.202011040924/tools/bin/../lib/gcc/arm-none-eabi/9.3.1/../../../../arm-none-eabi/lib/thumb/v7-m/nofp\libm.a
END GROUP
START GROUP
LOAD c:/st/stm32cubeide_1.3.0/stm32cubeide/plugins/com.st.stm32cube.ide.mcu.externaltools.gnu-tools-for-stm32.9-2020-q2-update.win32_1.5.0.202011040924/tools/bin/../lib/gcc/arm-none-eabi/9.3.1/thumb/v7-m/nofp\libgcc.a
LOAD c:/st/stm32cubeide_1.3.0/stm32cubeide/plugins/com.st.stm32cube.ide.mcu.externaltools.gnu-tools-for-stm32.9-2020-q2-update.win32_1.5.0.202011040924/tools/bin/../lib/gcc/arm-none-eabi/9.3.1/../../../../arm-none-eabi/lib/thumb/v7-m/nofp\libc_nano.a
END GROUP
START GROUP
LOAD c:/st/stm32cubeide_1.3.0/stm32cubeide/plugins/com.st.stm32cube.ide.mcu.externaltools.gnu-tools-for-stm32.9-2020-q2-update.win32_1.5.0.202011040924/tools/bin/../lib/gcc/arm-none-eabi/9.3.1/thumb/v7-m/nofp\libgcc.a
LOAD c:/st/stm32cubeide_1.3.0/stm32cubeide/plugins/com.st.stm32cube.ide.mcu.externaltools.gnu-tools-for-stm32.9-2020-q2-update.win32_1.5.0.202011040924/tools/bin/../lib/gcc/arm-none-eabi/9.3.1/../../../../arm-none-eabi/lib/thumb/v7-m/nofp\libc_nano.a
LOAD c:/st/stm32cubeide_1.3.0/stm32cubeide/plugins/com.st.stm32cube.ide.mcu.externaltools.gnu-tools-for-stm32.9-2020-q2-update.win32_1.5.0.202011040924/tools/bin/../lib/gcc/arm-none-eabi/9.3.1/../../../../arm-none-eabi/lib/thumb/v7-m/nofp\libnosys.a
END GROUP
START GROUP
LOAD c:/st/stm32cubeide_1.3.0/stm32cubeide/plugins/com.st.stm32cube.ide.mcu.externaltools.gnu-tools-for-stm32.9-2020-q2-update.win32_1.5.0.202011040924/tools/bin/../lib/gcc/arm-none-eabi/9.3.1/thumb/v7-m/nofp\libgcc.a
LOAD c:/st/stm32cubeide_1.3.0/stm32cubeide/plugins/com.st.stm32cube.ide.mcu.externaltools.gnu-tools-for-stm32.9-2020-q2-update.win32_1.5.0.202011040924/tools/bin/../lib/gcc/arm-none-eabi/9.3.1/../../../../arm-none-eabi/lib/thumb/v7-m/nofp\libc_nano.a
LOAD c:/st/stm32cubeide_1.3.0/stm32cubeide/plugins/com.st.stm32cube.ide.mcu.externaltools.gnu-tools-for-stm32.9-2020-q2-update.win32_1.5.0.202011040924/tools/bin/../lib/gcc/arm-none-eabi/9.3.1/../../../../arm-none-eabi/lib/thumb/v7-m/nofp\libnosys.a
END GROUP
LOAD c:/st/stm32cubeide_1.3.0/stm32cubeide/plugins/com.st.stm32cube.ide.mcu.externaltools.gnu-tools-for-stm32.9-2020-q2-update.win32_1.5.0.202011040924/tools/bin/../lib/gcc/arm-none-eabi/9.3.1/thumb/v7-m/nofp/crtend.o
LOAD c:/st/stm32cubeide_1.3.0/stm32cubeide/plugins/com.st.stm32cube.ide.mcu.externaltools.gnu-tools-for-stm32.9-2020-q2-update.win32_1.5.0.202011040924/tools/bin/../lib/gcc/arm-none-eabi/9.3.1/thumb/v7-m/nofp/crtn.o
                0x0000000020005000                _estack = (ORIGIN (RAM) + LENGTH (RAM))
                0x0000000000000200                _Min_Heap_Size = 0x200
                0x0000000000000400                _Min_Stack_Size = 0x400

.isr_vector     0x0000000008000000      0x130
                0x0000000008000000                . = ALIGN (0x4)
 *(.isr_vector)
 .isr_vector    0x0000000008000000      0x130 CMSIS/Src/startup_stm32f103c8tx.o
                0x0000000008000000                g_pfnVectors
                0x0000000008000130                . = ALIGN (0x4)

.text           0x0000000008000130     0x1dc0
                0x0000000008000130                . = ALIGN (0x4)
 *(.text)
 .text          0x0000000008000130       0x40 c:/st/stm32cubeide_1.3.0/stm32cubeide/plugins/com.st.stm32cube.ide.mcu.externaltools.gnu-tools-for-stm32.9-2020-q2-update.win32_1.5.0.202011040924/tools/bin/../lib/gcc/arm-none-eabi/9.3.1/thumb/v7-m/nofp/crtbegin.o
 .text          0x0000000008000170       0xa0 c:/st/stm32cubeide_1.3.0/stm32cubeide/plugins/com.st.stm32cube.ide.mcu.externaltools.gnu-tools-for-stm32.9-2020-q2-update.win32_1.5.0.202011040924/tools/bin/../lib/gcc/arm-none-eabi/9.3.1/thumb/v7-m/nofp\libgcc.a(_aeabi_ldivmod.o)
                0x0000000008000170                __aeabi_ldivmod
 .text          0x0000000008000210      0x2c4 c:/st/stm32cubeide_1.3.0/stm32cubeide/plugins/com.st.stm32cube.ide.mcu.externaltools.gnu-tools-for-stm32.9-2020-q2-update.win32_1.5.0.202011040924/tools/bin/../lib/gcc/arm-none-eabi/9.3.1/thumb/v7-m/nofp\libgcc.a(_udivmoddi4.o)
                0x0000000008000210                __udivmoddi4
 .text          0x00000000080004d4        0x4 c:/st/stm32cubeide_1.3.0/stm32cubeide/plugins/com.st.stm32cube.ide.mcu.externaltools.gnu-tools-for-stm32.9-2020-q2-update.win32_1.5.0.202011040924/tools/bin/../lib/gcc/arm-none-eabi/9.3.1/thumb/v7-m/nofp\libgcc.a(_dvmd_tls.o)
                0x00000000080004d4                __aeabi_idiv0
                0x00000000080004d4                __aeabi_ldiv0
 *(.text*)
 .text.Reset_Handler
                0x00000000080004d8       0x50 CMSIS/Src/startup_stm32f103c8tx.o
                0x00000000080004d8                Reset_Handler
 .text.Default_Handler
                0x0000000008000528        0x2 CMSIS/Src/startup_stm32f103c8tx.o
                0x0000000008000528                EXTI2_IRQHandler
                0x0000000008000528                TIM8_TRG_COM_IRQHandler
                0x0000000008000528                TIM8_CC_IRQHandler
                0x0000000008000528                DebugMon_Handler
                0x0000000008000528                TIM1_CC_IRQHandler
                0x0000000008000528                HardFault_Handler
                0x0000000008000528                TIM6_IRQHandler
                0x0000000008000528                SysTick_Handler
                0x0000000008000528                PVD_IRQHandler
                0x0000000008000528                SDIO_IRQHandler
                0x0000000008000528                PendSV_Handler
                0x0000000008000528                NMI_Handler
                0x0000000008000528                EXTI3_IRQHandler
                0x0000000008000528                USB_HP_CAN_TX_IRQHandler
                0x0000000008000528                EXTI0_IRQHandler
                0x0000000008000528                I2C2_EV_IRQHandler
                0x0000000008000528                UsageFault_Handler
                0x0000000008000528                ADC1_2_IRQHandler
                0x0000000008000528                SPI1_IRQHandler
                0x0000000008000528                CAN_SCE_IRQHandler
                0x0000000008000528                TAMPER_IRQHandler
                0x0000000008000528                TIM8_UP_IRQHandler
                0x0000000008000528                DMA2_Channel2_IRQHandler
                0x0000000008000528                DMA1_Channel4_IRQHandler
                0x0000000008000528                USART3_IRQHandler
                0x0000000008000528                RTC_IRQHandler
                0x0000000008000528                DMA1_Channel7_IRQHandler
                0x0000000008000528                UART5_IRQHandler
                0x0000000008000528                ADC3_IRQHandler
                0x0000000008000528                TIM4_IRQHandler
                0x0000000008000528                CAN_RX1_IRQHandler
                0x0000000008000528                DMA2_Channel1_IRQHandler
                0x0000000008000528                I2C1_EV_IRQHandler
                0x0000000008000528                DMA1_Channel6_IRQHandler
                0x0000000008000528                UART4_IRQHandler
                0x0000000008000528                TIM3_IRQHandler
                0x0000000008000528                RCC_IRQHandler
                0x0000000008000528                TIM1_TRG_COM_IRQHandler
                0x0000000008000528                DMA1_Channel1_IRQHandler
                0x0000000008000528                Default_Handler
                0x0000000008000528                EXTI15_10_IRQHandler
                0x0000000008000528                TIM7_IRQHandler
                0x0000000008000528                TIM5_IRQHandler
                0x0000000008000528                EXTI9_5_IRQHandler
                0x0000000008000528                SPI2_IRQHandler
                0x0000000008000528                USB_LP_CAN_RX0_IRQHandler
                0x0000000008000528                MemManage_Handler
                0x0000000008000528                SVC_Handler
                0x0000000008000528                DMA1_Channel5_IRQHandler
                0x0000000008000528                EXTI4_IRQHandler
                0x0000000008000528                DMA1_Channel3_IRQHandler
                0x0000000008000528                FSMC_IRQHandler
                0x0000000008000528                TIM1_UP_IRQHandler
                0x0000000008000528                WWDG_IRQHandler
                0x0000000008000528                TIM2_IRQHandler
                0x0000000008000528                TIM1_BRK_IRQHandler
                0x0000000008000528                EXTI1_IRQHandler
                0x0000000008000528                RTCAlarm_IRQHandler
                0x0000000008000528                DMA2_Channel4_5_IRQHandler
                0x0000000008000528                USART2_IRQHandler
                0x0000000008000528                I2C2_ER_IRQHandler
                0x0000000008000528                DMA1_Channel2_IRQHandler
                0x0000000008000528                TIM8_BRK_IRQHandler
                0x0000000008000528                FLASH_IRQHandler
                0x0000000008000528                BusFault_Handler
                0x0000000008000528                SPI3_IRQHandler
                0x0000000008000528                I2C1_ER_IRQHandler
                0x0000000008000528                DMA2_Channel3_IRQHandler
 *fill*         0x000000000800052a        0x2 
 .text.SystemInit
                0x000000000800052c       0x68 CMSIS/Src/system_stm32f1xx.o
                0x000000000800052c                SystemInit
 .text.SystemCoreClockUpdate
                0x0000000008000594       0xe4 CMSIS/Src/system_stm32f1xx.o
                0x0000000008000594                SystemCoreClockUpdate
 .text.BME280_tmpr
                0x0000000008000678       0xd4 Drivers/Src/bme280.o
                0x0000000008000678                BME280_tmpr
 .text.BME280_hum
                0x000000000800074c      0x124 Drivers/Src/bme280.o
                0x000000000800074c                BME280_hum
 .text.BME280_press
                0x0000000008000870      0x46c Drivers/Src/bme280.o
                0x0000000008000870                BME280_press
 .text.BME280_init
                0x0000000008000cdc       0x40 Drivers/Src/bme280.o
                0x0000000008000cdc                BME280_init
 .text.BME280_read
                0x0000000008000d1c       0x84 Drivers/Src/bme280.o
                0x0000000008000d1c                BME280_read
 .text.delay_init
                0x0000000008000da0       0xcc Drivers/Src/delay.o
                0x0000000008000da0                delay_init
 .text.delay_ms
                0x0000000008000e6c       0xa8 Drivers/Src/delay.o
                0x0000000008000e6c                delay_ms
 .text.__NVIC_EnableIRQ
                0x0000000008000f14       0x38 Drivers/Src/hc_12.o
 .text.hc12_init
                0x0000000008000f4c       0x54 Drivers/Src/hc_12.o
                0x0000000008000f4c                hc12_init
 .text.I2C_init
                0x0000000008000fa0       0xac Drivers/Src/stm32_i2c.o
                0x0000000008000fa0                I2C_init
 .text.I2C_write_1b
                0x000000000800104c       0xc8 Drivers/Src/stm32_i2c.o
                0x000000000800104c                I2C_write_1b
 .text.I2C_read_n_b
                0x0000000008001114      0x19a Drivers/Src/stm32_i2c.o
                0x0000000008001114                I2C_read_n_b
 *fill*         0x00000000080012ae        0x2 
 .text.USART_init
                0x00000000080012b0       0xb0 Drivers/Src/stm32_usart.o
                0x00000000080012b0                USART_init
 .text.USART_Tx_byte
                0x0000000008001360       0x2c Drivers/Src/stm32_usart.o
                0x0000000008001360                USART_Tx_byte
 .text.USART_Tx
                0x000000000800138c       0x3c Drivers/Src/stm32_usart.o
                0x000000000800138c                USART_Tx
 .text.main     0x00000000080013c8      0x14c Src/main.o
                0x00000000080013c8                main
 .text.LED_init
                0x0000000008001514       0x38 Src/main.o
                0x0000000008001514                LED_init
 .text.USART1_IRQHandler
                0x000000000800154c       0x58 Src/main.o
                0x000000000800154c                USART1_IRQHandler
 .text._sbrk    0x00000000080015a4       0x6c Src/sysmem.o
                0x00000000080015a4                _sbrk
 .text.__errno  0x0000000008001610        0xc c:/st/stm32cubeide_1.3.0/stm32cubeide/plugins/com.st.stm32cube.ide.mcu.externaltools.gnu-tools-for-stm32.9-2020-q2-update.win32_1.5.0.202011040924/tools/bin/../lib/gcc/arm-none-eabi/9.3.1/../../../../arm-none-eabi/lib/thumb/v7-m/nofp\libc_nano.a(lib_a-errno.o)
                0x0000000008001610                __errno
 .text.__libc_init_array
                0x000000000800161c       0x48 c:/st/stm32cubeide_1.3.0/stm32cubeide/plugins/com.st.stm32cube.ide.mcu.externaltools.gnu-tools-for-stm32.9-2020-q2-update.win32_1.5.0.202011040924/tools/bin/../lib/gcc/arm-none-eabi/9.3.1/../../../../arm-none-eabi/lib/thumb/v7-m/nofp\libc_nano.a(lib_a-init.o)
                0x000000000800161c                __libc_init_array
 .text.sprintf  0x0000000008001664       0x40 c:/st/stm32cubeide_1.3.0/stm32cubeide/plugins/com.st.stm32cube.ide.mcu.externaltools.gnu-tools-for-stm32.9-2020-q2-update.win32_1.5.0.202011040924/tools/bin/../lib/gcc/arm-none-eabi/9.3.1/../../../../arm-none-eabi/lib/thumb/v7-m/nofp\libc_nano.a(lib_a-sprintf.o)
                0x0000000008001664                siprintf
                0x0000000008001664                sprintf
 .text.__ssputs_r
                0x00000000080016a4       0xb6 c:/st/stm32cubeide_1.3.0/stm32cubeide/plugins/com.st.stm32cube.ide.mcu.externaltools.gnu-tools-for-stm32.9-2020-q2-update.win32_1.5.0.202011040924/tools/bin/../lib/gcc/arm-none-eabi/9.3.1/../../../../arm-none-eabi/lib/thumb/v7-m/nofp\libc_nano.a(lib_a-nano-svfprintf.o)
                0x00000000080016a4                __ssputs_r
 *fill*         0x000000000800175a        0x2 
 .text._svfprintf_r
                0x000000000800175c      0x200 c:/st/stm32cubeide_1.3.0/stm32cubeide/plugins/com.st.stm32cube.ide.mcu.externaltools.gnu-tools-for-stm32.9-2020-q2-update.win32_1.5.0.202011040924/tools/bin/../lib/gcc/arm-none-eabi/9.3.1/../../../../arm-none-eabi/lib/thumb/v7-m/nofp\libc_nano.a(lib_a-nano-svfprintf.o)
                0x000000000800175c                _svfiprintf_r
                0x000000000800175c                _svfprintf_r
 .text._printf_common
                0x000000000800195c       0xde c:/st/stm32cubeide_1.3.0/stm32cubeide/plugins/com.st.stm32cube.ide.mcu.externaltools.gnu-tools-for-stm32.9-2020-q2-update.win32_1.5.0.202011040924/tools/bin/../lib/gcc/arm-none-eabi/9.3.1/../../../../arm-none-eabi/lib/thumb/v7-m/nofp\libc_nano.a(lib_a-nano-vfprintf_i.o)
                0x000000000800195c                _printf_common
 *fill*         0x0000000008001a3a        0x2 
 .text._printf_i
                0x0000000008001a3c      0x24c c:/st/stm32cubeide_1.3.0/stm32cubeide/plugins/com.st.stm32cube.ide.mcu.externaltools.gnu-tools-for-stm32.9-2020-q2-update.win32_1.5.0.202011040924/tools/bin/../lib/gcc/arm-none-eabi/9.3.1/../../../../arm-none-eabi/lib/thumb/v7-m/nofp\libc_nano.a(lib_a-nano-vfprintf_i.o)
                0x0000000008001a3c                _printf_i
 .text.memchr   0x0000000008001c88       0x1c c:/st/stm32cubeide_1.3.0/stm32cubeide/plugins/com.st.stm32cube.ide.mcu.externaltools.gnu-tools-for-stm32.9-2020-q2-update.win32_1.5.0.202011040924/tools/bin/../lib/gcc/arm-none-eabi/9.3.1/../../../../arm-none-eabi/lib/thumb/v7-m/nofp\libc_nano.a(lib_a-memchr-stub.o)
                0x0000000008001c88                memchr
 .text.memcpy   0x0000000008001ca4       0x1c c:/st/stm32cubeide_1.3.0/stm32cubeide/plugins/com.st.stm32cube.ide.mcu.externaltools.gnu-tools-for-stm32.9-2020-q2-update.win32_1.5.0.202011040924/tools/bin/../lib/gcc/arm-none-eabi/9.3.1/../../../../arm-none-eabi/lib/thumb/v7-m/nofp\libc_nano.a(lib_a-memcpy-stub.o)
                0x0000000008001ca4                memcpy
 .text.memmove  0x0000000008001cc0       0x34 c:/st/stm32cubeide_1.3.0/stm32cubeide/plugins/com.st.stm32cube.ide.mcu.externaltools.gnu-tools-for-stm32.9-2020-q2-update.win32_1.5.0.202011040924/tools/bin/../lib/gcc/arm-none-eabi/9.3.1/../../../../arm-none-eabi/lib/thumb/v7-m/nofp\libc_nano.a(lib_a-memmove.o)
                0x0000000008001cc0                memmove
 .text._free_r  0x0000000008001cf4       0x98 c:/st/stm32cubeide_1.3.0/stm32cubeide/plugins/com.st.stm32cube.ide.mcu.externaltools.gnu-tools-for-stm32.9-2020-q2-update.win32_1.5.0.202011040924/tools/bin/../lib/gcc/arm-none-eabi/9.3.1/../../../../arm-none-eabi/lib/thumb/v7-m/nofp\libc_nano.a(lib_a-nano-freer.o)
                0x0000000008001cf4                _free_r
 .text._malloc_r
                0x0000000008001d8c       0xb4 c:/st/stm32cubeide_1.3.0/stm32cubeide/plugins/com.st.stm32cube.ide.mcu.externaltools.gnu-tools-for-stm32.9-2020-q2-update.win32_1.5.0.202011040924/tools/bin/../lib/gcc/arm-none-eabi/9.3.1/../../../../arm-none-eabi/lib/thumb/v7-m/nofp\libc_nano.a(lib_a-nano-mallocr.o)
                0x0000000008001d8c                _malloc_r
 .text._realloc_r
                0x0000000008001e40       0x4c c:/st/stm32cubeide_1.3.0/stm32cubeide/plugins/com.st.stm32cube.ide.mcu.externaltools.gnu-tools-for-stm32.9-2020-q2-update.win32_1.5.0.202011040924/tools/bin/../lib/gcc/arm-none-eabi/9.3.1/../../../../arm-none-eabi/lib/thumb/v7-m/nofp\libc_nano.a(lib_a-nano-reallocr.o)
                0x0000000008001e40                _realloc_r
 .text._sbrk_r  0x0000000008001e8c       0x20 c:/st/stm32cubeide_1.3.0/stm32cubeide/plugins/com.st.stm32cube.ide.mcu.externaltools.gnu-tools-for-stm32.9-2020-q2-update.win32_1.5.0.202011040924/tools/bin/../lib/gcc/arm-none-eabi/9.3.1/../../../../arm-none-eabi/lib/thumb/v7-m/nofp\libc_nano.a(lib_a-sbrkr.o)
                0x0000000008001e8c                _sbrk_r
 .text.__malloc_lock
                0x0000000008001eac        0xc c:/st/stm32cubeide_1.3.0/stm32cubeide/plugins/com.st.stm32cube.ide.mcu.externaltools.gnu-tools-for-stm32.9-2020-q2-update.win32_1.5.0.202011040924/tools/bin/../lib/gcc/arm-none-eabi/9.3.1/../../../../arm-none-eabi/lib/thumb/v7-m/nofp\libc_nano.a(lib_a-mlock.o)
                0x0000000008001eac                __malloc_lock
 .text.__malloc_unlock
                0x0000000008001eb8        0xc c:/st/stm32cubeide_1.3.0/stm32cubeide/plugins/com.st.stm32cube.ide.mcu.externaltools.gnu-tools-for-stm32.9-2020-q2-update.win32_1.5.0.202011040924/tools/bin/../lib/gcc/arm-none-eabi/9.3.1/../../../../arm-none-eabi/lib/thumb/v7-m/nofp\libc_nano.a(lib_a-mlock.o)
                0x0000000008001eb8                __malloc_unlock
 .text._malloc_usable_size_r
                0x0000000008001ec4       0x10 c:/st/stm32cubeide_1.3.0/stm32cubeide/plugins/com.st.stm32cube.ide.mcu.externaltools.gnu-tools-for-stm32.9-2020-q2-update.win32_1.5.0.202011040924/tools/bin/../lib/gcc/arm-none-eabi/9.3.1/../../../../arm-none-eabi/lib/thumb/v7-m/nofp\libc_nano.a(lib_a-nano-msizer.o)
                0x0000000008001ec4                _malloc_usable_size_r
 .text.__retarget_lock_acquire_recursive
                0x0000000008001ed4        0x2 c:/st/stm32cubeide_1.3.0/stm32cubeide/plugins/com.st.stm32cube.ide.mcu.externaltools.gnu-tools-for-stm32.9-2020-q2-update.win32_1.5.0.202011040924/tools/bin/../lib/gcc/arm-none-eabi/9.3.1/../../../../arm-none-eabi/lib/thumb/v7-m/nofp\libc_nano.a(lib_a-lock.o)
                0x0000000008001ed4                __retarget_lock_acquire_recursive
 .text.__retarget_lock_release_recursive
                0x0000000008001ed6        0x2 c:/st/stm32cubeide_1.3.0/stm32cubeide/plugins/com.st.stm32cube.ide.mcu.externaltools.gnu-tools-for-stm32.9-2020-q2-update.win32_1.5.0.202011040924/tools/bin/../lib/gcc/arm-none-eabi/9.3.1/../../../../arm-none-eabi/lib/thumb/v7-m/nofp\libc_nano.a(lib_a-lock.o)
                0x0000000008001ed6                __retarget_lock_release_recursive
 *(.glue_7)
 .glue_7        0x0000000008001ed8        0x0 linker stubs
 *(.glue_7t)
 .glue_7t       0x0000000008001ed8        0x0 linker stubs
 *(.eh_frame)
 .eh_frame      0x0000000008001ed8        0x0 c:/st/stm32cubeide_1.3.0/stm32cubeide/plugins/com.st.stm32cube.ide.mcu.externaltools.gnu-tools-for-stm32.9-2020-q2-update.win32_1.5.0.202011040924/tools/bin/../lib/gcc/arm-none-eabi/9.3.1/thumb/v7-m/nofp/crtbegin.o
 *(.init)
 .init          0x0000000008001ed8        0x4 c:/st/stm32cubeide_1.3.0/stm32cubeide/plugins/com.st.stm32cube.ide.mcu.externaltools.gnu-tools-for-stm32.9-2020-q2-update.win32_1.5.0.202011040924/tools/bin/../lib/gcc/arm-none-eabi/9.3.1/thumb/v7-m/nofp/crti.o
                0x0000000008001ed8                _init
 .init          0x0000000008001edc        0x8 c:/st/stm32cubeide_1.3.0/stm32cubeide/plugins/com.st.stm32cube.ide.mcu.externaltools.gnu-tools-for-stm32.9-2020-q2-update.win32_1.5.0.202011040924/tools/bin/../lib/gcc/arm-none-eabi/9.3.1/thumb/v7-m/nofp/crtn.o
 *(.fini)
 .fini          0x0000000008001ee4        0x4 c:/st/stm32cubeide_1.3.0/stm32cubeide/plugins/com.st.stm32cube.ide.mcu.externaltools.gnu-tools-for-stm32.9-2020-q2-update.win32_1.5.0.202011040924/tools/bin/../lib/gcc/arm-none-eabi/9.3.1/thumb/v7-m/nofp/crti.o
                0x0000000008001ee4                _fini
 .fini          0x0000000008001ee8        0x8 c:/st/stm32cubeide_1.3.0/stm32cubeide/plugins/com.st.stm32cube.ide.mcu.externaltools.gnu-tools-for-stm32.9-2020-q2-update.win32_1.5.0.202011040924/tools/bin/../lib/gcc/arm-none-eabi/9.3.1/thumb/v7-m/nofp/crtn.o
                0x0000000008001ef0                . = ALIGN (0x4)
                0x0000000008001ef0                _etext = .

.vfp11_veneer   0x0000000008001ef0        0x0
 .vfp11_veneer  0x0000000008001ef0        0x0 linker stubs

.v4_bx          0x0000000008001ef0        0x0
 .v4_bx         0x0000000008001ef0        0x0 linker stubs

.iplt           0x0000000008001ef0        0x0
 .iplt          0x0000000008001ef0        0x0 c:/st/stm32cubeide_1.3.0/stm32cubeide/plugins/com.st.stm32cube.ide.mcu.externaltools.gnu-tools-for-stm32.9-2020-q2-update.win32_1.5.0.202011040924/tools/bin/../lib/gcc/arm-none-eabi/9.3.1/thumb/v7-m/nofp/crtbegin.o

.rodata         0x0000000008001ef0       0x70
                0x0000000008001ef0                . = ALIGN (0x4)
 *(.rodata)
 .rodata        0x0000000008001ef0       0x2b Src/main.o
 *(.rodata*)
 *fill*         0x0000000008001f1b        0x1 
 .rodata.AHBPrescTable
                0x0000000008001f1c       0x10 CMSIS/Src/system_stm32f1xx.o
                0x0000000008001f1c                AHBPrescTable
 .rodata._svfprintf_r.str1.1
                0x0000000008001f2c       0x11 c:/st/stm32cubeide_1.3.0/stm32cubeide/plugins/com.st.stm32cube.ide.mcu.externaltools.gnu-tools-for-stm32.9-2020-q2-update.win32_1.5.0.202011040924/tools/bin/../lib/gcc/arm-none-eabi/9.3.1/../../../../arm-none-eabi/lib/thumb/v7-m/nofp\libc_nano.a(lib_a-nano-svfprintf.o)
 .rodata._printf_i.str1.1
                0x0000000008001f3d       0x22 c:/st/stm32cubeide_1.3.0/stm32cubeide/plugins/com.st.stm32cube.ide.mcu.externaltools.gnu-tools-for-stm32.9-2020-q2-update.win32_1.5.0.202011040924/tools/bin/../lib/gcc/arm-none-eabi/9.3.1/../../../../arm-none-eabi/lib/thumb/v7-m/nofp\libc_nano.a(lib_a-nano-vfprintf_i.o)
                0x0000000008001f60                . = ALIGN (0x4)
 *fill*         0x0000000008001f5f        0x1 

.ARM.extab      0x0000000008001f60        0x0
                0x0000000008001f60                . = ALIGN (0x4)
 *(.ARM.extab* .gnu.linkonce.armextab.*)
                0x0000000008001f60                . = ALIGN (0x4)

.ARM            0x0000000008001f60        0x8
                0x0000000008001f60                . = ALIGN (0x4)
                0x0000000008001f60                __exidx_start = .
 *(.ARM.exidx*)
 .ARM.exidx     0x0000000008001f60        0x8 c:/st/stm32cubeide_1.3.0/stm32cubeide/plugins/com.st.stm32cube.ide.mcu.externaltools.gnu-tools-for-stm32.9-2020-q2-update.win32_1.5.0.202011040924/tools/bin/../lib/gcc/arm-none-eabi/9.3.1/thumb/v7-m/nofp\libgcc.a(_udivmoddi4.o)
                0x0000000008001f68                __exidx_end = .
                0x0000000008001f68                . = ALIGN (0x4)

.rel.dyn        0x0000000008001f68        0x0
 .rel.iplt      0x0000000008001f68        0x0 c:/st/stm32cubeide_1.3.0/stm32cubeide/plugins/com.st.stm32cube.ide.mcu.externaltools.gnu-tools-for-stm32.9-2020-q2-update.win32_1.5.0.202011040924/tools/bin/../lib/gcc/arm-none-eabi/9.3.1/thumb/v7-m/nofp/crtbegin.o

.preinit_array  0x0000000008001f68        0x0
                0x0000000008001f68                . = ALIGN (0x4)
                0x0000000008001f68                PROVIDE (__preinit_array_start = .)
 *(.preinit_array*)
                0x0000000008001f68                PROVIDE (__preinit_array_end = .)
                0x0000000008001f68                . = ALIGN (0x4)

.init_array     0x0000000008001f68        0x4
                0x0000000008001f68                . = ALIGN (0x4)
                0x0000000008001f68                PROVIDE (__init_array_start = .)
 *(SORT_BY_NAME(.init_array.*))
 *(.init_array*)
 .init_array    0x0000000008001f68        0x4 c:/st/stm32cubeide_1.3.0/stm32cubeide/plugins/com.st.stm32cube.ide.mcu.externaltools.gnu-tools-for-stm32.9-2020-q2-update.win32_1.5.0.202011040924/tools/bin/../lib/gcc/arm-none-eabi/9.3.1/thumb/v7-m/nofp/crtbegin.o
                0x0000000008001f6c                PROVIDE (__init_array_end = .)
                0x0000000008001f6c                . = ALIGN (0x4)

.fini_array     0x0000000008001f6c        0x4
                0x0000000008001f6c                . = ALIGN (0x4)
                [!provide]                        PROVIDE (__fini_array_start = .)
 *(SORT_BY_NAME(.fini_array.*))
 *(.fini_array*)
 .fini_array    0x0000000008001f6c        0x4 c:/st/stm32cubeide_1.3.0/stm32cubeide/plugins/com.st.stm32cube.ide.mcu.externaltools.gnu-tools-for-stm32.9-2020-q2-update.win32_1.5.0.202011040924/tools/bin/../lib/gcc/arm-none-eabi/9.3.1/thumb/v7-m/nofp/crtbegin.o
                [!provide]                        PROVIDE (__fini_array_end = .)
                0x0000000008001f70                . = ALIGN (0x4)
                0x0000000008001f70                _sidata = LOADADDR (.data)

.data           0x0000000020000000       0x68 load address 0x0000000008001f70
                0x0000000020000000                . = ALIGN (0x4)
                0x0000000020000000                _sdata = .
 *(.data)
 *(.data*)
 .data.SystemCoreClock
                0x0000000020000000        0x4 CMSIS/Src/system_stm32f1xx.o
                0x0000000020000000                SystemCoreClock
 .data._impure_ptr
                0x0000000020000004        0x4 c:/st/stm32cubeide_1.3.0/stm32cubeide/plugins/com.st.stm32cube.ide.mcu.externaltools.gnu-tools-for-stm32.9-2020-q2-update.win32_1.5.0.202011040924/tools/bin/../lib/gcc/arm-none-eabi/9.3.1/../../../../arm-none-eabi/lib/thumb/v7-m/nofp\libc_nano.a(lib_a-impure.o)
                0x0000000020000004                _impure_ptr
 .data.impure_data
                0x0000000020000008       0x60 c:/st/stm32cubeide_1.3.0/stm32cubeide/plugins/com.st.stm32cube.ide.mcu.externaltools.gnu-tools-for-stm32.9-2020-q2-update.win32_1.5.0.202011040924/tools/bin/../lib/gcc/arm-none-eabi/9.3.1/../../../../arm-none-eabi/lib/thumb/v7-m/nofp\libc_nano.a(lib_a-impure.o)
                0x0000000020000068                . = ALIGN (0x4)
                0x0000000020000068                _edata = .

.igot.plt       0x0000000020000068        0x0 load address 0x0000000008001fd8
 .igot.plt      0x0000000020000068        0x0 c:/st/stm32cubeide_1.3.0/stm32cubeide/plugins/com.st.stm32cube.ide.mcu.externaltools.gnu-tools-for-stm32.9-2020-q2-update.win32_1.5.0.202011040924/tools/bin/../lib/gcc/arm-none-eabi/9.3.1/thumb/v7-m/nofp/crtbegin.o
                0x0000000020000068                . = ALIGN (0x4)

.bss            0x0000000020000068       0xe4 load address 0x0000000008001fd8
                0x0000000020000068                _sbss = .
                0x0000000020000068                __bss_start__ = _sbss
 *(.bss)
 .bss           0x0000000020000068       0x1c c:/st/stm32cubeide_1.3.0/stm32cubeide/plugins/com.st.stm32cube.ide.mcu.externaltools.gnu-tools-for-stm32.9-2020-q2-update.win32_1.5.0.202011040924/tools/bin/../lib/gcc/arm-none-eabi/9.3.1/thumb/v7-m/nofp/crtbegin.o
 *(.bss*)
 .bss.cnt_info  0x0000000020000084        0x1 Src/main.o
                0x0000000020000084                cnt_info
 *fill*         0x0000000020000085        0x3 
 .bss.__sbrk_heap_end
                0x0000000020000088        0x4 Src/sysmem.o
 .bss.__malloc_free_list
                0x000000002000008c        0x4 c:/st/stm32cubeide_1.3.0/stm32cubeide/plugins/com.st.stm32cube.ide.mcu.externaltools.gnu-tools-for-stm32.9-2020-q2-update.win32_1.5.0.202011040924/tools/bin/../lib/gcc/arm-none-eabi/9.3.1/../../../../arm-none-eabi/lib/thumb/v7-m/nofp\libc_nano.a(lib_a-nano-mallocr.o)
                0x000000002000008c                __malloc_free_list
 .bss.__malloc_sbrk_start
                0x0000000020000090        0x4 c:/st/stm32cubeide_1.3.0/stm32cubeide/plugins/com.st.stm32cube.ide.mcu.externaltools.gnu-tools-for-stm32.9-2020-q2-update.win32_1.5.0.202011040924/tools/bin/../lib/gcc/arm-none-eabi/9.3.1/../../../../arm-none-eabi/lib/thumb/v7-m/nofp\libc_nano.a(lib_a-nano-mallocr.o)
                0x0000000020000090                __malloc_sbrk_start
 *(COMMON)
 COMMON         0x0000000020000094       0x30 Drivers/Src/bme280.o
                0x0000000020000094                buf_calib01_25
                0x00000000200000b0                buf_adc
                0x00000000200000b8                buf_calib26_32
                0x00000000200000c0                t_fine
 COMMON         0x00000000200000c4        0x8 Drivers/Src/delay.o
                0x00000000200000c4                psc_us
                0x00000000200000c6                psc_ms
                0x00000000200000c8                timx
 COMMON         0x00000000200000cc       0x70 Src/main.o
                0x00000000200000cc                T
                0x00000000200000d0                H
                0x00000000200000d4                P
                0x00000000200000d8                buf_info
 COMMON         0x000000002000013c        0x4 c:/st/stm32cubeide_1.3.0/stm32cubeide/plugins/com.st.stm32cube.ide.mcu.externaltools.gnu-tools-for-stm32.9-2020-q2-update.win32_1.5.0.202011040924/tools/bin/../lib/gcc/arm-none-eabi/9.3.1/../../../../arm-none-eabi/lib/thumb/v7-m/nofp\libc_nano.a(lib_a-reent.o)
                0x000000002000013c                errno
 COMMON         0x0000000020000140        0x9 c:/st/stm32cubeide_1.3.0/stm32cubeide/plugins/com.st.stm32cube.ide.mcu.externaltools.gnu-tools-for-stm32.9-2020-q2-update.win32_1.5.0.202011040924/tools/bin/../lib/gcc/arm-none-eabi/9.3.1/../../../../arm-none-eabi/lib/thumb/v7-m/nofp\libc_nano.a(lib_a-lock.o)
                0x0000000020000140                __lock___atexit_recursive_mutex
                0x0000000020000141                __lock___arc4random_mutex
                0x0000000020000142                __lock___env_recursive_mutex
                0x0000000020000143                __lock___sinit_recursive_mutex
                0x0000000020000144                __lock___malloc_recursive_mutex
                0x0000000020000145                __lock___at_quick_exit_mutex
                0x0000000020000146                __lock___dd_hash_mutex
                0x0000000020000147                __lock___tz_mutex
                0x0000000020000148                __lock___sfp_recursive_mutex
                0x000000002000014c                . = ALIGN (0x4)
 *fill*         0x0000000020000149        0x3 
                0x000000002000014c                _ebss = .
                0x000000002000014c                __bss_end__ = _ebss

._user_heap_stack
                0x000000002000014c      0x604 load address 0x0000000008001fd8
                0x0000000020000150                . = ALIGN (0x8)
 *fill*         0x000000002000014c        0x4 
                [!provide]                        PROVIDE (end = .)
                0x0000000020000150                PROVIDE (_end = .)
                0x0000000020000350                . = (. + _Min_Heap_Size)
 *fill*         0x0000000020000150      0x200 
                0x0000000020000750                . = (. + _Min_Stack_Size)
 *fill*         0x0000000020000350      0x400 
                0x0000000020000750                . = ALIGN (0x8)

/DISCARD/
 libc.a(*)
 libm.a(*)
 libgcc.a(*)

.ARM.attributes
                0x0000000000000000       0x29
 *(.ARM.attributes)
 .ARM.attributes
                0x0000000000000000       0x1d c:/st/stm32cubeide_1.3.0/stm32cubeide/plugins/com.st.stm32cube.ide.mcu.externaltools.gnu-tools-for-stm32.9-2020-q2-update.win32_1.5.0.202011040924/tools/bin/../lib/gcc/arm-none-eabi/9.3.1/thumb/v7-m/nofp/crti.o
 .ARM.attributes
                0x000000000000001d       0x2d c:/st/stm32cubeide_1.3.0/stm32cubeide/plugins/com.st.stm32cube.ide.mcu.externaltools.gnu-tools-for-stm32.9-2020-q2-update.win32_1.5.0.202011040924/tools/bin/../lib/gcc/arm-none-eabi/9.3.1/thumb/v7-m/nofp/crtbegin.o
 .ARM.attributes
                0x000000000000004a       0x21 CMSIS/Src/startup_stm32f103c8tx.o
 .ARM.attributes
                0x000000000000006b       0x2d CMSIS/Src/system_stm32f1xx.o
 .ARM.attributes
                0x0000000000000098       0x2d Drivers/Src/bme280.o
 .ARM.attributes
                0x00000000000000c5       0x2d Drivers/Src/delay.o
 .ARM.attributes
                0x00000000000000f2       0x2d Drivers/Src/hc_12.o
 .ARM.attributes
                0x000000000000011f       0x2d Drivers/Src/stm32_i2c.o
 .ARM.attributes
                0x000000000000014c       0x2d Drivers/Src/stm32_usart.o
 .ARM.attributes
                0x0000000000000179       0x2d Src/main.o
 .ARM.attributes
                0x00000000000001a6       0x2d Src/sysmem.o
 .ARM.attributes
                0x00000000000001d3       0x2d c:/st/stm32cubeide_1.3.0/stm32cubeide/plugins/com.st.stm32cube.ide.mcu.externaltools.gnu-tools-for-stm32.9-2020-q2-update.win32_1.5.0.202011040924/tools/bin/../lib/gcc/arm-none-eabi/9.3.1/../../../../arm-none-eabi/lib/thumb/v7-m/nofp\libc_nano.a(lib_a-errno.o)
 .ARM.attributes
                0x0000000000000200       0x2d c:/st/stm32cubeide_1.3.0/stm32cubeide/plugins/com.st.stm32cube.ide.mcu.externaltools.gnu-tools-for-stm32.9-2020-q2-update.win32_1.5.0.202011040924/tools/bin/../lib/gcc/arm-none-eabi/9.3.1/../../../../arm-none-eabi/lib/thumb/v7-m/nofp\libc_nano.a(lib_a-impure.o)
 .ARM.attributes
                0x000000000000022d       0x2d c:/st/stm32cubeide_1.3.0/stm32cubeide/plugins/com.st.stm32cube.ide.mcu.externaltools.gnu-tools-for-stm32.9-2020-q2-update.win32_1.5.0.202011040924/tools/bin/../lib/gcc/arm-none-eabi/9.3.1/../../../../arm-none-eabi/lib/thumb/v7-m/nofp\libc_nano.a(lib_a-init.o)
 .ARM.attributes
                0x000000000000025a       0x2d c:/st/stm32cubeide_1.3.0/stm32cubeide/plugins/com.st.stm32cube.ide.mcu.externaltools.gnu-tools-for-stm32.9-2020-q2-update.win32_1.5.0.202011040924/tools/bin/../lib/gcc/arm-none-eabi/9.3.1/../../../../arm-none-eabi/lib/thumb/v7-m/nofp\libc_nano.a(lib_a-sprintf.o)
 .ARM.attributes
                0x0000000000000287       0x2d c:/st/stm32cubeide_1.3.0/stm32cubeide/plugins/com.st.stm32cube.ide.mcu.externaltools.gnu-tools-for-stm32.9-2020-q2-update.win32_1.5.0.202011040924/tools/bin/../lib/gcc/arm-none-eabi/9.3.1/../../../../arm-none-eabi/lib/thumb/v7-m/nofp\libc_nano.a(lib_a-nano-svfprintf.o)
 .ARM.attributes
                0x00000000000002b4       0x2d c:/st/stm32cubeide_1.3.0/stm32cubeide/plugins/com.st.stm32cube.ide.mcu.externaltools.gnu-tools-for-stm32.9-2020-q2-update.win32_1.5.0.202011040924/tools/bin/../lib/gcc/arm-none-eabi/9.3.1/../../../../arm-none-eabi/lib/thumb/v7-m/nofp\libc_nano.a(lib_a-nano-vfprintf_i.o)
 .ARM.attributes
                0x00000000000002e1       0x2d c:/st/stm32cubeide_1.3.0/stm32cubeide/plugins/com.st.stm32cube.ide.mcu.externaltools.gnu-tools-for-stm32.9-2020-q2-update.win32_1.5.0.202011040924/tools/bin/../lib/gcc/arm-none-eabi/9.3.1/../../../../arm-none-eabi/lib/thumb/v7-m/nofp\libc_nano.a(lib_a-memchr-stub.o)
 .ARM.attributes
                0x000000000000030e       0x2d c:/st/stm32cubeide_1.3.0/stm32cubeide/plugins/com.st.stm32cube.ide.mcu.externaltools.gnu-tools-for-stm32.9-2020-q2-update.win32_1.5.0.202011040924/tools/bin/../lib/gcc/arm-none-eabi/9.3.1/../../../../arm-none-eabi/lib/thumb/v7-m/nofp\libc_nano.a(lib_a-memcpy-stub.o)
 .ARM.attributes
                0x000000000000033b       0x2d c:/st/stm32cubeide_1.3.0/stm32cubeide/plugins/com.st.stm32cube.ide.mcu.externaltools.gnu-tools-for-stm32.9-2020-q2-update.win32_1.5.0.202011040924/tools/bin/../lib/gcc/arm-none-eabi/9.3.1/../../../../arm-none-eabi/lib/thumb/v7-m/nofp\libc_nano.a(lib_a-memmove.o)
 .ARM.attributes
                0x0000000000000368       0x2d c:/st/stm32cubeide_1.3.0/stm32cubeide/plugins/com.st.stm32cube.ide.mcu.externaltools.gnu-tools-for-stm32.9-2020-q2-update.win32_1.5.0.202011040924/tools/bin/../lib/gcc/arm-none-eabi/9.3.1/../../../../arm-none-eabi/lib/thumb/v7-m/nofp\libc_nano.a(lib_a-nano-freer.o)
 .ARM.attributes
                0x0000000000000395       0x2d c:/st/stm32cubeide_1.3.0/stm32cubeide/plugins/com.st.stm32cube.ide.mcu.externaltools.gnu-tools-for-stm32.9-2020-q2-update.win32_1.5.0.202011040924/tools/bin/../lib/gcc/arm-none-eabi/9.3.1/../../../../arm-none-eabi/lib/thumb/v7-m/nofp\libc_nano.a(lib_a-nano-mallocr.o)
 .ARM.attributes
                0x00000000000003c2       0x2d c:/st/stm32cubeide_1.3.0/stm32cubeide/plugins/com.st.stm32cube.ide.mcu.externaltools.gnu-tools-for-stm32.9-2020-q2-update.win32_1.5.0.202011040924/tools/bin/../lib/gcc/arm-none-eabi/9.3.1/../../../../arm-none-eabi/lib/thumb/v7-m/nofp\libc_nano.a(lib_a-nano-reallocr.o)
 .ARM.attributes
                0x00000000000003ef       0x2d c:/st/stm32cubeide_1.3.0/stm32cubeide/plugins/com.st.stm32cube.ide.mcu.externaltools.gnu-tools-for-stm32.9-2020-q2-update.win32_1.5.0.202011040924/tools/bin/../lib/gcc/arm-none-eabi/9.3.1/../../../../arm-none-eabi/lib/thumb/v7-m/nofp\libc_nano.a(lib_a-sbrkr.o)
 .ARM.attributes
                0x000000000000041c       0x2d c:/st/stm32cubeide_1.3.0/stm32cubeide/plugins/com.st.stm32cube.ide.mcu.externaltools.gnu-tools-for-stm32.9-2020-q2-update.win32_1.5.0.202011040924/tools/bin/../lib/gcc/arm-none-eabi/9.3.1/../../../../arm-none-eabi/lib/thumb/v7-m/nofp\libc_nano.a(lib_a-mlock.o)
 .ARM.attributes
                0x0000000000000449       0x2d c:/st/stm32cubeide_1.3.0/stm32cubeide/plugins/com.st.stm32cube.ide.mcu.externaltools.gnu-tools-for-stm32.9-2020-q2-update.win32_1.5.0.202011040924/tools/bin/../lib/gcc/arm-none-eabi/9.3.1/../../../../arm-none-eabi/lib/thumb/v7-m/nofp\libc_nano.a(lib_a-nano-msizer.o)
 .ARM.attributes
                0x0000000000000476       0x2d c:/st/stm32cubeide_1.3.0/stm32cubeide/plugins/com.st.stm32cube.ide.mcu.externaltools.gnu-tools-for-stm32.9-2020-q2-update.win32_1.5.0.202011040924/tools/bin/../lib/gcc/arm-none-eabi/9.3.1/../../../../arm-none-eabi/lib/thumb/v7-m/nofp\libc_nano.a(lib_a-reent.o)
 .ARM.attributes
                0x00000000000004a3       0x2d c:/st/stm32cubeide_1.3.0/stm32cubeide/plugins/com.st.stm32cube.ide.mcu.externaltools.gnu-tools-for-stm32.9-2020-q2-update.win32_1.5.0.202011040924/tools/bin/../lib/gcc/arm-none-eabi/9.3.1/../../../../arm-none-eabi/lib/thumb/v7-m/nofp\libc_nano.a(lib_a-lock.o)
 .ARM.attributes
                0x00000000000004d0       0x1d c:/st/stm32cubeide_1.3.0/stm32cubeide/plugins/com.st.stm32cube.ide.mcu.externaltools.gnu-tools-for-stm32.9-2020-q2-update.win32_1.5.0.202011040924/tools/bin/../lib/gcc/arm-none-eabi/9.3.1/thumb/v7-m/nofp\libgcc.a(_aeabi_ldivmod.o)
 .ARM.attributes
                0x00000000000004ed       0x2d c:/st/stm32cubeide_1.3.0/stm32cubeide/plugins/com.st.stm32cube.ide.mcu.externaltools.gnu-tools-for-stm32.9-2020-q2-update.win32_1.5.0.202011040924/tools/bin/../lib/gcc/arm-none-eabi/9.3.1/thumb/v7-m/nofp\libgcc.a(_udivmoddi4.o)
 .ARM.attributes
                0x000000000000051a       0x1d c:/st/stm32cubeide_1.3.0/stm32cubeide/plugins/com.st.stm32cube.ide.mcu.externaltools.gnu-tools-for-stm32.9-2020-q2-update.win32_1.5.0.202011040924/tools/bin/../lib/gcc/arm-none-eabi/9.3.1/thumb/v7-m/nofp\libgcc.a(_dvmd_tls.o)
 .ARM.attributes
                0x0000000000000537       0x1d c:/st/stm32cubeide_1.3.0/stm32cubeide/plugins/com.st.stm32cube.ide.mcu.externaltools.gnu-tools-for-stm32.9-2020-q2-update.win32_1.5.0.202011040924/tools/bin/../lib/gcc/arm-none-eabi/9.3.1/thumb/v7-m/nofp/crtn.o
OUTPUT(meteost_cubeide_tx.elf elf32-littlearm)
LOAD linker stubs
LOAD c:/st/stm32cubeide_1.3.0/stm32cubeide/plugins/com.st.stm32cube.ide.mcu.externaltools.gnu-tools-for-stm32.9-2020-q2-update.win32_1.5.0.202011040924/tools/bin/../lib/gcc/arm-none-eabi/9.3.1/../../../../arm-none-eabi/lib/thumb/v7-m/nofp\libc.a
LOAD c:/st/stm32cubeide_1.3.0/stm32cubeide/plugins/com.st.stm32cube.ide.mcu.externaltools.gnu-tools-for-stm32.9-2020-q2-update.win32_1.5.0.202011040924/tools/bin/../lib/gcc/arm-none-eabi/9.3.1/../../../../arm-none-eabi/lib/thumb/v7-m/nofp\libm.a
LOAD c:/st/stm32cubeide_1.3.0/stm32cubeide/plugins/com.st.stm32cube.ide.mcu.externaltools.gnu-tools-for-stm32.9-2020-q2-update.win32_1.5.0.202011040924/tools/bin/../lib/gcc/arm-none-eabi/9.3.1/thumb/v7-m/nofp\libgcc.a

.debug_line     0x0000000000000000     0x319b
 .debug_line    0x0000000000000000       0x86 CMSIS/Src/startup_stm32f103c8tx.o
 .debug_line    0x0000000000000086      0x4ec CMSIS/Src/system_stm32f1xx.o
 .debug_line    0x0000000000000572      0x7e1 Drivers/Src/bme280.o
 .debug_line    0x0000000000000d53      0x5bc Drivers/Src/delay.o
 .debug_line    0x000000000000130f      0x53d Drivers/Src/hc_12.o
 .debug_line    0x000000000000184c      0x70a Drivers/Src/stm32_i2c.o
 .debug_line    0x0000000000001f56      0x59f Drivers/Src/stm32_usart.o
 .debug_line    0x00000000000024f5      0x7b3 Src/main.o
 .debug_line    0x0000000000002ca8      0x4f3 Src/sysmem.o

.debug_info     0x0000000000000000     0x331c
 .debug_info    0x0000000000000000       0x22 CMSIS/Src/startup_stm32f103c8tx.o
 .debug_info    0x0000000000000022      0x41b CMSIS/Src/system_stm32f1xx.o
 .debug_info    0x000000000000043d      0x53e Drivers/Src/bme280.o
 .debug_info    0x000000000000097b      0x3c1 Drivers/Src/delay.o
 .debug_info    0x0000000000000d3c      0x5b7 Drivers/Src/hc_12.o
 .debug_info    0x00000000000012f3      0x408 Drivers/Src/stm32_i2c.o
 .debug_info    0x00000000000016fb      0x3e6 Drivers/Src/stm32_usart.o
 .debug_info    0x0000000000001ae1      0xe16 Src/main.o
 .debug_info    0x00000000000028f7      0xa25 Src/sysmem.o

.debug_abbrev   0x0000000000000000      0xc46
 .debug_abbrev  0x0000000000000000       0x12 CMSIS/Src/startup_stm32f103c8tx.o
 .debug_abbrev  0x0000000000000012      0x14e CMSIS/Src/system_stm32f1xx.o
 .debug_abbrev  0x0000000000000160      0x196 Drivers/Src/bme280.o
 .debug_abbrev  0x00000000000002f6      0x125 Drivers/Src/delay.o
 .debug_abbrev  0x000000000000041b      0x180 Drivers/Src/hc_12.o
 .debug_abbrev  0x000000000000059b      0x14e Drivers/Src/stm32_i2c.o
 .debug_abbrev  0x00000000000006e9      0x164 Drivers/Src/stm32_usart.o
 .debug_abbrev  0x000000000000084d      0x23a Src/main.o
 .debug_abbrev  0x0000000000000a87      0x1bf Src/sysmem.o

.debug_aranges  0x0000000000000000      0x1b0
 .debug_aranges
                0x0000000000000000       0x28 CMSIS/Src/startup_stm32f103c8tx.o
 .debug_aranges
                0x0000000000000028       0x28 CMSIS/Src/system_stm32f1xx.o
 .debug_aranges
                0x0000000000000050       0x48 Drivers/Src/bme280.o
 .debug_aranges
                0x0000000000000098       0x30 Drivers/Src/delay.o
 .debug_aranges
                0x00000000000000c8       0x30 Drivers/Src/hc_12.o
 .debug_aranges
                0x00000000000000f8       0x30 Drivers/Src/stm32_i2c.o
 .debug_aranges
                0x0000000000000128       0x38 Drivers/Src/stm32_usart.o
 .debug_aranges
                0x0000000000000160       0x30 Src/main.o
 .debug_aranges
                0x0000000000000190       0x20 Src/sysmem.o

.debug_str      0x0000000000000000    0x5914f
 .debug_str     0x0000000000000000       0x63 CMSIS/Src/startup_stm32f103c8tx.o
 .debug_str     0x0000000000000063    0x540e8 CMSIS/Src/system_stm32f1xx.o
                                      0x5434f (size before relaxing)
 .debug_str     0x000000000005414b      0x34c Drivers/Src/bme280.o
                                      0x54588 (size before relaxing)
 .debug_str     0x0000000000054497       0x8c Drivers/Src/delay.o
                                      0x54300 (size before relaxing)
 .debug_str     0x0000000000054523      0x330 Drivers/Src/hc_12.o
                                      0x546cf (size before relaxing)
 .debug_str     0x0000000000054853       0x80 Drivers/Src/stm32_i2c.o
                                      0x543c6 (size before relaxing)
 .debug_str     0x00000000000548d3       0x48 Drivers/Src/stm32_usart.o
                                      0x5438b (size before relaxing)
 .debug_str     0x000000000005491b     0x4350 Src/main.o
                                      0x588fa (size before relaxing)
 .debug_str     0x0000000000058c6b      0x4e4 Src/sysmem.o
                                       0x6250 (size before relaxing)

.debug_ranges   0x0000000000000000      0x128
 .debug_ranges  0x0000000000000000       0x20 CMSIS/Src/startup_stm32f103c8tx.o
 .debug_ranges  0x0000000000000020       0x18 CMSIS/Src/system_stm32f1xx.o
 .debug_ranges  0x0000000000000038       0x38 Drivers/Src/bme280.o
 .debug_ranges  0x0000000000000070       0x20 Drivers/Src/delay.o
 .debug_ranges  0x0000000000000090       0x20 Drivers/Src/hc_12.o
 .debug_ranges  0x00000000000000b0       0x20 Drivers/Src/stm32_i2c.o
 .debug_ranges  0x00000000000000d0       0x28 Drivers/Src/stm32_usart.o
 .debug_ranges  0x00000000000000f8       0x20 Src/main.o
 .debug_ranges  0x0000000000000118       0x10 Src/sysmem.o

.debug_macro    0x0000000000000000    0x115af
 .debug_macro   0x0000000000000000       0xce CMSIS/Src/system_stm32f1xx.o
 .debug_macro   0x00000000000000ce      0xaa2 CMSIS/Src/system_stm32f1xx.o
 .debug_macro   0x0000000000000b70       0x2e CMSIS/Src/system_stm32f1xx.o
 .debug_macro   0x0000000000000b9e       0x22 CMSIS/Src/system_stm32f1xx.o
 .debug_macro   0x0000000000000bc0       0x22 CMSIS/Src/system_stm32f1xx.o
 .debug_macro   0x0000000000000be2       0x8e CMSIS/Src/system_stm32f1xx.o
 .debug_macro   0x0000000000000c70       0x51 CMSIS/Src/system_stm32f1xx.o
 .debug_macro   0x0000000000000cc1      0x103 CMSIS/Src/system_stm32f1xx.o
 .debug_macro   0x0000000000000dc4       0x6a CMSIS/Src/system_stm32f1xx.o
 .debug_macro   0x0000000000000e2e      0x1df CMSIS/Src/system_stm32f1xx.o
 .debug_macro   0x000000000000100d       0x1c CMSIS/Src/system_stm32f1xx.o
 .debug_macro   0x0000000000001029       0x22 CMSIS/Src/system_stm32f1xx.o
 .debug_macro   0x000000000000104b       0xc3 CMSIS/Src/system_stm32f1xx.o
 .debug_macro   0x000000000000110e      0xd23 CMSIS/Src/system_stm32f1xx.o
 .debug_macro   0x0000000000001e31     0xe09e CMSIS/Src/system_stm32f1xx.o
 .debug_macro   0x000000000000fecf       0x43 CMSIS/Src/system_stm32f1xx.o
 .debug_macro   0x000000000000ff12       0xf4 Drivers/Src/bme280.o
 .debug_macro   0x0000000000010006       0x28 Drivers/Src/bme280.o
 .debug_macro   0x000000000001002e       0x70 Drivers/Src/bme280.o
 .debug_macro   0x000000000001009e       0xc6 Drivers/Src/delay.o
 .debug_macro   0x0000000000010164       0xf5 Drivers/Src/hc_12.o
 .debug_macro   0x0000000000010259       0xe7 Drivers/Src/stm32_i2c.o
 .debug_macro   0x0000000000010340       0xe7 Drivers/Src/stm32_usart.o
 .debug_macro   0x0000000000010427      0x262 Src/main.o
 .debug_macro   0x0000000000010689       0x52 Src/main.o
 .debug_macro   0x00000000000106db       0x18 Src/main.o
 .debug_macro   0x00000000000106f3       0x3c Src/main.o
 .debug_macro   0x000000000001072f       0x34 Src/main.o
 .debug_macro   0x0000000000010763       0x16 Src/main.o
 .debug_macro   0x0000000000010779       0x97 Src/main.o
 .debug_macro   0x0000000000010810      0x333 Src/main.o
 .debug_macro   0x0000000000010b43       0xfd Src/main.o
 .debug_macro   0x0000000000010c40       0x10 Src/main.o
 .debug_macro   0x0000000000010c50       0x16 Src/main.o
 .debug_macro   0x0000000000010c66       0x43 Src/main.o
 .debug_macro   0x0000000000010ca9       0x34 Src/main.o
 .debug_macro   0x0000000000010cdd       0x10 Src/main.o
 .debug_macro   0x0000000000010ced       0x58 Src/main.o
 .debug_macro   0x0000000000010d45       0x71 Src/main.o
 .debug_macro   0x0000000000010db6       0x1c Src/main.o
 .debug_macro   0x0000000000010dd2      0x12a Src/main.o
 .debug_macro   0x0000000000010efc       0x10 Src/main.o
 .debug_macro   0x0000000000010f0c       0x1c Src/main.o
 .debug_macro   0x0000000000010f28       0x52 Src/main.o
 .debug_macro   0x0000000000010f7a       0x22 Src/main.o
 .debug_macro   0x0000000000010f9c       0x10 Src/main.o
 .debug_macro   0x0000000000010fac       0x40 Src/main.o
 .debug_macro   0x0000000000010fec       0xd5 Src/main.o
 .debug_macro   0x00000000000110c1       0x1c Src/main.o
 .debug_macro   0x00000000000110dd       0x3d Src/main.o
 .debug_macro   0x000000000001111a       0x16 Src/main.o
 .debug_macro   0x0000000000011130      0x145 Src/main.o
 .debug_macro   0x0000000000011275       0xff Src/sysmem.o
 .debug_macro   0x0000000000011374      0x23b Src/sysmem.o

.comment        0x0000000000000000       0x53
 .comment       0x0000000000000000       0x53 CMSIS/Src/system_stm32f1xx.o
                                         0x54 (size before relaxing)
 .comment       0x0000000000000053       0x54 Drivers/Src/bme280.o
 .comment       0x0000000000000053       0x54 Drivers/Src/delay.o
 .comment       0x0000000000000053       0x54 Drivers/Src/hc_12.o
 .comment       0x0000000000000053       0x54 Drivers/Src/stm32_i2c.o
 .comment       0x0000000000000053       0x54 Drivers/Src/stm32_usart.o
 .comment       0x0000000000000053       0x54 Src/main.o
 .comment       0x0000000000000053       0x54 Src/sysmem.o

.debug_frame    0x0000000000000000      0x8f8
 .debug_frame   0x0000000000000000       0x58 CMSIS/Src/system_stm32f1xx.o
 .debug_frame   0x0000000000000058      0x100 Drivers/Src/bme280.o
 .debug_frame   0x0000000000000158       0x84 Drivers/Src/delay.o
 .debug_frame   0x00000000000001dc       0x80 Drivers/Src/hc_12.o
 .debug_frame   0x000000000000025c       0x80 Drivers/Src/stm32_i2c.o
 .debug_frame   0x00000000000002dc       0xa8 Drivers/Src/stm32_usart.o
 .debug_frame   0x0000000000000384       0x7c Src/main.o
 .debug_frame   0x0000000000000400       0x34 Src/sysmem.o
 .debug_frame   0x0000000000000434       0x20 c:/st/stm32cubeide_1.3.0/stm32cubeide/plugins/com.st.stm32cube.ide.mcu.externaltools.gnu-tools-for-stm32.9-2020-q2-update.win32_1.5.0.202011040924/tools/bin/../lib/gcc/arm-none-eabi/9.3.1/../../../../arm-none-eabi/lib/thumb/v7-m/nofp\libc_nano.a(lib_a-errno.o)
 .debug_frame   0x0000000000000454       0x2c c:/st/stm32cubeide_1.3.0/stm32cubeide/plugins/com.st.stm32cube.ide.mcu.externaltools.gnu-tools-for-stm32.9-2020-q2-update.win32_1.5.0.202011040924/tools/bin/../lib/gcc/arm-none-eabi/9.3.1/../../../../arm-none-eabi/lib/thumb/v7-m/nofp\libc_nano.a(lib_a-init.o)
 .debug_frame   0x0000000000000480       0x6c c:/st/stm32cubeide_1.3.0/stm32cubeide/plugins/com.st.stm32cube.ide.mcu.externaltools.gnu-tools-for-stm32.9-2020-q2-update.win32_1.5.0.202011040924/tools/bin/../lib/gcc/arm-none-eabi/9.3.1/../../../../arm-none-eabi/lib/thumb/v7-m/nofp\libc_nano.a(lib_a-sprintf.o)
 .debug_frame   0x00000000000004ec       0x90 c:/st/stm32cubeide_1.3.0/stm32cubeide/plugins/com.st.stm32cube.ide.mcu.externaltools.gnu-tools-for-stm32.9-2020-q2-update.win32_1.5.0.202011040924/tools/bin/../lib/gcc/arm-none-eabi/9.3.1/../../../../arm-none-eabi/lib/thumb/v7-m/nofp\libc_nano.a(lib_a-nano-svfprintf.o)
 .debug_frame   0x000000000000057c       0x60 c:/st/stm32cubeide_1.3.0/stm32cubeide/plugins/com.st.stm32cube.ide.mcu.externaltools.gnu-tools-for-stm32.9-2020-q2-update.win32_1.5.0.202011040924/tools/bin/../lib/gcc/arm-none-eabi/9.3.1/../../../../arm-none-eabi/lib/thumb/v7-m/nofp\libc_nano.a(lib_a-nano-vfprintf_i.o)
 .debug_frame   0x00000000000005dc       0x28 c:/st/stm32cubeide_1.3.0/stm32cubeide/plugins/com.st.stm32cube.ide.mcu.externaltools.gnu-tools-for-stm32.9-2020-q2-update.win32_1.5.0.202011040924/tools/bin/../lib/gcc/arm-none-eabi/9.3.1/../../../../arm-none-eabi/lib/thumb/v7-m/nofp\libc_nano.a(lib_a-memchr-stub.o)
 .debug_frame   0x0000000000000604       0x28 c:/st/stm32cubeide_1.3.0/stm32cubeide/plugins/com.st.stm32cube.ide.mcu.externaltools.gnu-tools-for-stm32.9-2020-q2-update.win32_1.5.0.202011040924/tools/bin/../lib/gcc/arm-none-eabi/9.3.1/../../../../arm-none-eabi/lib/thumb/v7-m/nofp\libc_nano.a(lib_a-memcpy-stub.o)
 .debug_frame   0x000000000000062c       0x28 c:/st/stm32cubeide_1.3.0/stm32cubeide/plugins/com.st.stm32cube.ide.mcu.externaltools.gnu-tools-for-stm32.9-2020-q2-update.win32_1.5.0.202011040924/tools/bin/../lib/gcc/arm-none-eabi/9.3.1/../../../../arm-none-eabi/lib/thumb/v7-m/nofp\libc_nano.a(lib_a-memmove.o)
 .debug_frame   0x0000000000000654       0x38 c:/st/stm32cubeide_1.3.0/stm32cubeide/plugins/com.st.stm32cube.ide.mcu.externaltools.gnu-tools-for-stm32.9-2020-q2-update.win32_1.5.0.202011040924/tools/bin/../lib/gcc/arm-none-eabi/9.3.1/../../../../arm-none-eabi/lib/thumb/v7-m/nofp\libc_nano.a(lib_a-nano-freer.o)
 .debug_frame   0x000000000000068c       0x30 c:/st/stm32cubeide_1.3.0/stm32cubeide/plugins/com.st.stm32cube.ide.mcu.externaltools.gnu-tools-for-stm32.9-2020-q2-update.win32_1.5.0.202011040924/tools/bin/../lib/gcc/arm-none-eabi/9.3.1/../../../../arm-none-eabi/lib/thumb/v7-m/nofp\libc_nano.a(lib_a-nano-mallocr.o)
 .debug_frame   0x00000000000006bc       0x3c c:/st/stm32cubeide_1.3.0/stm32cubeide/plugins/com.st.stm32cube.ide.mcu.externaltools.gnu-tools-for-stm32.9-2020-q2-update.win32_1.5.0.202011040924/tools/bin/../lib/gcc/arm-none-eabi/9.3.1/../../../../arm-none-eabi/lib/thumb/v7-m/nofp\libc_nano.a(lib_a-nano-reallocr.o)
 .debug_frame   0x00000000000006f8       0x2c c:/st/stm32cubeide_1.3.0/stm32cubeide/plugins/com.st.stm32cube.ide.mcu.externaltools.gnu-tools-for-stm32.9-2020-q2-update.win32_1.5.0.202011040924/tools/bin/../lib/gcc/arm-none-eabi/9.3.1/../../../../arm-none-eabi/lib/thumb/v7-m/nofp\libc_nano.a(lib_a-sbrkr.o)
 .debug_frame   0x0000000000000724       0x30 c:/st/stm32cubeide_1.3.0/stm32cubeide/plugins/com.st.stm32cube.ide.mcu.externaltools.gnu-tools-for-stm32.9-2020-q2-update.win32_1.5.0.202011040924/tools/bin/../lib/gcc/arm-none-eabi/9.3.1/../../../../arm-none-eabi/lib/thumb/v7-m/nofp\libc_nano.a(lib_a-mlock.o)
 .debug_frame   0x0000000000000754       0x20 c:/st/stm32cubeide_1.3.0/stm32cubeide/plugins/com.st.stm32cube.ide.mcu.externaltools.gnu-tools-for-stm32.9-2020-q2-update.win32_1.5.0.202011040924/tools/bin/../lib/gcc/arm-none-eabi/9.3.1/../../../../arm-none-eabi/lib/thumb/v7-m/nofp\libc_nano.a(lib_a-nano-msizer.o)
 .debug_frame   0x0000000000000774       0x5c c:/st/stm32cubeide_1.3.0/stm32cubeide/plugins/com.st.stm32cube.ide.mcu.externaltools.gnu-tools-for-stm32.9-2020-q2-update.win32_1.5.0.202011040924/tools/bin/../lib/gcc/arm-none-eabi/9.3.1/../../../../arm-none-eabi/lib/thumb/v7-m/nofp\libc_nano.a(lib_a-reent.o)
 .debug_frame   0x00000000000007d0       0xb0 c:/st/stm32cubeide_1.3.0/stm32cubeide/plugins/com.st.stm32cube.ide.mcu.externaltools.gnu-tools-for-stm32.9-2020-q2-update.win32_1.5.0.202011040924/tools/bin/../lib/gcc/arm-none-eabi/9.3.1/../../../../arm-none-eabi/lib/thumb/v7-m/nofp\libc_nano.a(lib_a-lock.o)
 .debug_frame   0x0000000000000880       0x44 c:/st/stm32cubeide_1.3.0/stm32cubeide/plugins/com.st.stm32cube.ide.mcu.externaltools.gnu-tools-for-stm32.9-2020-q2-update.win32_1.5.0.202011040924/tools/bin/../lib/gcc/arm-none-eabi/9.3.1/thumb/v7-m/nofp\libgcc.a(_aeabi_ldivmod.o)
 .debug_frame   0x00000000000008c4       0x34 c:/st/stm32cubeide_1.3.0/stm32cubeide/plugins/com.st.stm32cube.ide.mcu.externaltools.gnu-tools-for-stm32.9-2020-q2-update.win32_1.5.0.202011040924/tools/bin/../lib/gcc/arm-none-eabi/9.3.1/thumb/v7-m/nofp\libgcc.a(_udivmoddi4.o)
