Archive member included to satisfy reference by file (symbol)

c:/st/stm32cubeide_1.3.0/stm32cubeide/plugins/com.st.stm32cube.ide.mcu.externaltools.gnu-tools-for-stm32.7-2018-q2-update.win32_1.4.0.202007081208/tools/bin/../lib/gcc/arm-none-eabi/7.3.1/../../../../arm-none-eabi/lib/thumb/v7-m\libc_nano.a(lib_a-errno.o)
                              Src/syscalls.o (__errno)
c:/st/stm32cubeide_1.3.0/stm32cubeide/plugins/com.st.stm32cube.ide.mcu.externaltools.gnu-tools-for-stm32.7-2018-q2-update.win32_1.4.0.202007081208/tools/bin/../lib/gcc/arm-none-eabi/7.3.1/../../../../arm-none-eabi/lib/thumb/v7-m\libc_nano.a(lib_a-exit.o)
                              c:/st/stm32cubeide_1.3.0/stm32cubeide/plugins/com.st.stm32cube.ide.mcu.externaltools.gnu-tools-for-stm32.7-2018-q2-update.win32_1.4.0.202007081208/tools/bin/../lib/gcc/arm-none-eabi/7.3.1/../../../../arm-none-eabi/lib/thumb/v7-m/crt0.o (exit)
c:/st/stm32cubeide_1.3.0/stm32cubeide/plugins/com.st.stm32cube.ide.mcu.externaltools.gnu-tools-for-stm32.7-2018-q2-update.win32_1.4.0.202007081208/tools/bin/../lib/gcc/arm-none-eabi/7.3.1/../../../../arm-none-eabi/lib/thumb/v7-m\libc_nano.a(lib_a-impure.o)
                              c:/st/stm32cubeide_1.3.0/stm32cubeide/plugins/com.st.stm32cube.ide.mcu.externaltools.gnu-tools-for-stm32.7-2018-q2-update.win32_1.4.0.202007081208/tools/bin/../lib/gcc/arm-none-eabi/7.3.1/../../../../arm-none-eabi/lib/thumb/v7-m\libc_nano.a(lib_a-exit.o) (_global_impure_ptr)
c:/st/stm32cubeide_1.3.0/stm32cubeide/plugins/com.st.stm32cube.ide.mcu.externaltools.gnu-tools-for-stm32.7-2018-q2-update.win32_1.4.0.202007081208/tools/bin/../lib/gcc/arm-none-eabi/7.3.1/../../../../arm-none-eabi/lib/thumb/v7-m\libc_nano.a(lib_a-init.o)
                              c:/st/stm32cubeide_1.3.0/stm32cubeide/plugins/com.st.stm32cube.ide.mcu.externaltools.gnu-tools-for-stm32.7-2018-q2-update.win32_1.4.0.202007081208/tools/bin/../lib/gcc/arm-none-eabi/7.3.1/../../../../arm-none-eabi/lib/thumb/v7-m/crt0.o (__libc_init_array)
c:/st/stm32cubeide_1.3.0/stm32cubeide/plugins/com.st.stm32cube.ide.mcu.externaltools.gnu-tools-for-stm32.7-2018-q2-update.win32_1.4.0.202007081208/tools/bin/../lib/gcc/arm-none-eabi/7.3.1/../../../../arm-none-eabi/lib/thumb/v7-m\libc_nano.a(lib_a-memset.o)
                              c:/st/stm32cubeide_1.3.0/stm32cubeide/plugins/com.st.stm32cube.ide.mcu.externaltools.gnu-tools-for-stm32.7-2018-q2-update.win32_1.4.0.202007081208/tools/bin/../lib/gcc/arm-none-eabi/7.3.1/../../../../arm-none-eabi/lib/thumb/v7-m/crt0.o (memset)
c:/st/stm32cubeide_1.3.0/stm32cubeide/plugins/com.st.stm32cube.ide.mcu.externaltools.gnu-tools-for-stm32.7-2018-q2-update.win32_1.4.0.202007081208/tools/bin/../lib/gcc/arm-none-eabi/7.3.1/thumb/v7-m\libgcc.a(_aeabi_ldivmod.o)
                              Drivers/Src/bme280.o (__aeabi_ldivmod)
c:/st/stm32cubeide_1.3.0/stm32cubeide/plugins/com.st.stm32cube.ide.mcu.externaltools.gnu-tools-for-stm32.7-2018-q2-update.win32_1.4.0.202007081208/tools/bin/../lib/gcc/arm-none-eabi/7.3.1/thumb/v7-m\libgcc.a(_udivmoddi4.o)
                              c:/st/stm32cubeide_1.3.0/stm32cubeide/plugins/com.st.stm32cube.ide.mcu.externaltools.gnu-tools-for-stm32.7-2018-q2-update.win32_1.4.0.202007081208/tools/bin/../lib/gcc/arm-none-eabi/7.3.1/thumb/v7-m\libgcc.a(_aeabi_ldivmod.o) (__udivmoddi4)
c:/st/stm32cubeide_1.3.0/stm32cubeide/plugins/com.st.stm32cube.ide.mcu.externaltools.gnu-tools-for-stm32.7-2018-q2-update.win32_1.4.0.202007081208/tools/bin/../lib/gcc/arm-none-eabi/7.3.1/thumb/v7-m\libgcc.a(_dvmd_tls.o)
                              c:/st/stm32cubeide_1.3.0/stm32cubeide/plugins/com.st.stm32cube.ide.mcu.externaltools.gnu-tools-for-stm32.7-2018-q2-update.win32_1.4.0.202007081208/tools/bin/../lib/gcc/arm-none-eabi/7.3.1/thumb/v7-m\libgcc.a(_aeabi_ldivmod.o) (__aeabi_ldiv0)

Allocating common symbols
Common symbol       size              file

buf_calib01_25      0x19              Drivers/Src/bme280.o
xfunc_in            0x4               Drivers/Src/xprintf.o
psc_us              0x2               Drivers/Src/delay.o
T                   0x4               Src/main.o
psc_ms              0x2               Drivers/Src/delay.o
x_adr               0x1               Drivers/Src/fonts.o
y_adr               0x1               Drivers/Src/fonts.o
H                   0x4               Src/main.o
timx                0x4               Drivers/Src/delay.o
buf_adc             0x8               Drivers/Src/bme280.o
buf_calib26_32      0x7               Drivers/Src/bme280.o
P                   0x4               Src/main.o
t_fine              0x4               Drivers/Src/bme280.o
buf_info            0x64              Src/main.o

Discarded input sections

 .text          0x0000000000000000        0x0 c:/st/stm32cubeide_1.3.0/stm32cubeide/plugins/com.st.stm32cube.ide.mcu.externaltools.gnu-tools-for-stm32.7-2018-q2-update.win32_1.4.0.202007081208/tools/bin/../lib/gcc/arm-none-eabi/7.3.1/thumb/v7-m/crti.o
[...]
Memory Configuration

Name             Origin             Length             Attributes
RAM              0x0000000020000000 0x0000000000005000 xrw
ROM              0x0000000008000000 0x0000000000010000 xr
*default*        0x0000000000000000 0xffffffffffffffff

Linker script and memory map

LOAD c:/st/stm32cubeide_1.3.0/stm32cubeide/plugins/com.st.stm32cube.ide.mcu.externaltools.gnu-tools-for-stm32.7-2018-q2-update.win32_1.4.0.202007081208/tools/bin/../lib/gcc/arm-none-eabi/7.3.1/thumb/v7-m/crti.o
LOAD c:/st/stm32cubeide_1.3.0/stm32cubeide/plugins/com.st.stm32cube.ide.mcu.externaltools.gnu-tools-for-stm32.7-2018-q2-update.win32_1.4.0.202007081208/tools/bin/../lib/gcc/arm-none-eabi/7.3.1/thumb/v7-m/crtbegin.o
LOAD c:/st/stm32cubeide_1.3.0/stm32cubeide/plugins/com.st.stm32cube.ide.mcu.externaltools.gnu-tools-for-stm32.7-2018-q2-update.win32_1.4.0.202007081208/tools/bin/../lib/gcc/arm-none-eabi/7.3.1/../../../../arm-none-eabi/lib/thumb/v7-m/crt0.o
LOAD CMSIS/Src/startup_stm32f103c8tx.o
LOAD CMSIS/Src/system_stm32f1xx.o
LOAD Drivers/Src/bme280.o
LOAD Drivers/Src/delay.o
LOAD Drivers/Src/fonts.o
LOAD Drivers/Src/hc_12.o
LOAD Drivers/Src/ssd1306.o
LOAD Drivers/Src/stm32_i2c.o
LOAD Drivers/Src/stm32_rcc.o
LOAD Drivers/Src/stm32_spi.o
LOAD Drivers/Src/stm32_usart.o
LOAD Drivers/Src/xprintf.o
LOAD Src/main.o
LOAD Src/syscalls.o
LOAD Src/sysmem.o
START GROUP
LOAD c:/st/stm32cubeide_1.3.0/stm32cubeide/plugins/com.st.stm32cube.ide.mcu.externaltools.gnu-tools-for-stm32.7-2018-q2-update.win32_1.4.0.202007081208/tools/bin/../lib/gcc/arm-none-eabi/7.3.1/../../../../arm-none-eabi/lib/thumb/v7-m\libc_nano.a
LOAD c:/st/stm32cubeide_1.3.0/stm32cubeide/plugins/com.st.stm32cube.ide.mcu.externaltools.gnu-tools-for-stm32.7-2018-q2-update.win32_1.4.0.202007081208/tools/bin/../lib/gcc/arm-none-eabi/7.3.1/../../../../arm-none-eabi/lib/thumb/v7-m\libm.a
END GROUP
START GROUP
LOAD c:/st/stm32cubeide_1.3.0/stm32cubeide/plugins/com.st.stm32cube.ide.mcu.externaltools.gnu-tools-for-stm32.7-2018-q2-update.win32_1.4.0.202007081208/tools/bin/../lib/gcc/arm-none-eabi/7.3.1/thumb/v7-m\libgcc.a
LOAD c:/st/stm32cubeide_1.3.0/stm32cubeide/plugins/com.st.stm32cube.ide.mcu.externaltools.gnu-tools-for-stm32.7-2018-q2-update.win32_1.4.0.202007081208/tools/bin/../lib/gcc/arm-none-eabi/7.3.1/../../../../arm-none-eabi/lib/thumb/v7-m\libc_nano.a
END GROUP
START GROUP
LOAD c:/st/stm32cubeide_1.3.0/stm32cubeide/plugins/com.st.stm32cube.ide.mcu.externaltools.gnu-tools-for-stm32.7-2018-q2-update.win32_1.4.0.202007081208/tools/bin/../lib/gcc/arm-none-eabi/7.3.1/thumb/v7-m\libgcc.a
LOAD c:/st/stm32cubeide_1.3.0/stm32cubeide/plugins/com.st.stm32cube.ide.mcu.externaltools.gnu-tools-for-stm32.7-2018-q2-update.win32_1.4.0.202007081208/tools/bin/../lib/gcc/arm-none-eabi/7.3.1/../../../../arm-none-eabi/lib/thumb/v7-m\libc_nano.a
LOAD c:/st/stm32cubeide_1.3.0/stm32cubeide/plugins/com.st.stm32cube.ide.mcu.externaltools.gnu-tools-for-stm32.7-2018-q2-update.win32_1.4.0.202007081208/tools/bin/../lib/gcc/arm-none-eabi/7.3.1/../../../../arm-none-eabi/lib/thumb/v7-m\libnosys.a
END GROUP
START GROUP
LOAD c:/st/stm32cubeide_1.3.0/stm32cubeide/plugins/com.st.stm32cube.ide.mcu.externaltools.gnu-tools-for-stm32.7-2018-q2-update.win32_1.4.0.202007081208/tools/bin/../lib/gcc/arm-none-eabi/7.3.1/thumb/v7-m\libgcc.a
LOAD c:/st/stm32cubeide_1.3.0/stm32cubeide/plugins/com.st.stm32cube.ide.mcu.externaltools.gnu-tools-for-stm32.7-2018-q2-update.win32_1.4.0.202007081208/tools/bin/../lib/gcc/arm-none-eabi/7.3.1/../../../../arm-none-eabi/lib/thumb/v7-m\libc_nano.a
LOAD c:/st/stm32cubeide_1.3.0/stm32cubeide/plugins/com.st.stm32cube.ide.mcu.externaltools.gnu-tools-for-stm32.7-2018-q2-update.win32_1.4.0.202007081208/tools/bin/../lib/gcc/arm-none-eabi/7.3.1/../../../../arm-none-eabi/lib/thumb/v7-m\libnosys.a
END GROUP
LOAD c:/st/stm32cubeide_1.3.0/stm32cubeide/plugins/com.st.stm32cube.ide.mcu.externaltools.gnu-tools-for-stm32.7-2018-q2-update.win32_1.4.0.202007081208/tools/bin/../lib/gcc/arm-none-eabi/7.3.1/thumb/v7-m/crtend.o
LOAD c:/st/stm32cubeide_1.3.0/stm32cubeide/plugins/com.st.stm32cube.ide.mcu.externaltools.gnu-tools-for-stm32.7-2018-q2-update.win32_1.4.0.202007081208/tools/bin/../lib/gcc/arm-none-eabi/7.3.1/thumb/v7-m/crtn.o
                0x0000000020005000                _estack = (ORIGIN (RAM) + LENGTH (RAM))
                0x0000000000000200                _Min_Heap_Size = 0x200
                0x0000000000000400                _Min_Stack_Size = 0x400

.isr_vector     0x0000000008000000      0x130
                0x0000000008000000                . = ALIGN (0x4)
 *(.isr_vector)
 .isr_vector    0x0000000008000000      0x130 CMSIS/Src/startup_stm32f103c8tx.o
                0x0000000008000000                g_pfnVectors
                0x0000000008000130                . = ALIGN (0x4)

.text           0x0000000008000130     0x208c
                0x0000000008000130                . = ALIGN (0x4)
 *(.text)
 .text          0x0000000008000130       0x40 c:/st/stm32cubeide_1.3.0/stm32cubeide/plugins/com.st.stm32cube.ide.mcu.externaltools.gnu-tools-for-stm32.7-2018-q2-update.win32_1.4.0.202007081208/tools/bin/../lib/gcc/arm-none-eabi/7.3.1/thumb/v7-m/crtbegin.o
 .text          0x0000000008000170       0xa0 c:/st/stm32cubeide_1.3.0/stm32cubeide/plugins/com.st.stm32cube.ide.mcu.externaltools.gnu-tools-for-stm32.7-2018-q2-update.win32_1.4.0.202007081208/tools/bin/../lib/gcc/arm-none-eabi/7.3.1/thumb/v7-m\libgcc.a(_aeabi_ldivmod.o)
                0x0000000008000170                __aeabi_ldivmod
 .text          0x0000000008000210      0x2d0 c:/st/stm32cubeide_1.3.0/stm32cubeide/plugins/com.st.stm32cube.ide.mcu.externaltools.gnu-tools-for-stm32.7-2018-q2-update.win32_1.4.0.202007081208/tools/bin/../lib/gcc/arm-none-eabi/7.3.1/thumb/v7-m\libgcc.a(_udivmoddi4.o)
                0x0000000008000210                __udivmoddi4
 .text          0x00000000080004e0        0x4 c:/st/stm32cubeide_1.3.0/stm32cubeide/plugins/com.st.stm32cube.ide.mcu.externaltools.gnu-tools-for-stm32.7-2018-q2-update.win32_1.4.0.202007081208/tools/bin/../lib/gcc/arm-none-eabi/7.3.1/thumb/v7-m\libgcc.a(_dvmd_tls.o)
                0x00000000080004e0                __aeabi_idiv0
                0x00000000080004e0                __aeabi_ldiv0
 *(.text*)
 .text.Reset_Handler
                0x00000000080004e4       0x50 CMSIS/Src/startup_stm32f103c8tx.o
                0x00000000080004e4                Reset_Handler
 .text.Default_Handler
                0x0000000008000534        0x2 CMSIS/Src/startup_stm32f103c8tx.o
                0x0000000008000534                EXTI2_IRQHandler
                0x0000000008000534                TIM8_TRG_COM_IRQHandler
                0x0000000008000534                TIM8_CC_IRQHandler
                0x0000000008000534                DebugMon_Handler
                0x0000000008000534                TIM1_CC_IRQHandler
                0x0000000008000534                HardFault_Handler
                0x0000000008000534                TIM6_IRQHandler
                0x0000000008000534                SysTick_Handler
                0x0000000008000534                PVD_IRQHandler
                0x0000000008000534                SDIO_IRQHandler
                0x0000000008000534                PendSV_Handler
                0x0000000008000534                NMI_Handler
                0x0000000008000534                EXTI3_IRQHandler
                0x0000000008000534                USB_HP_CAN_TX_IRQHandler
                0x0000000008000534                EXTI0_IRQHandler
                0x0000000008000534                I2C2_EV_IRQHandler
                0x0000000008000534                UsageFault_Handler
                0x0000000008000534                ADC1_2_IRQHandler
                0x0000000008000534                SPI1_IRQHandler
                0x0000000008000534                CAN_SCE_IRQHandler
                0x0000000008000534                TAMPER_IRQHandler
                0x0000000008000534                TIM8_UP_IRQHandler
                0x0000000008000534                DMA2_Channel2_IRQHandler
                0x0000000008000534                DMA1_Channel4_IRQHandler
                0x0000000008000534                USART3_IRQHandler
                0x0000000008000534                RTC_IRQHandler
                0x0000000008000534                DMA1_Channel7_IRQHandler
                0x0000000008000534                UART5_IRQHandler
                0x0000000008000534                ADC3_IRQHandler
                0x0000000008000534                TIM4_IRQHandler
                0x0000000008000534                CAN_RX1_IRQHandler
                0x0000000008000534                DMA2_Channel1_IRQHandler
                0x0000000008000534                I2C1_EV_IRQHandler
                0x0000000008000534                DMA1_Channel6_IRQHandler
                0x0000000008000534                UART4_IRQHandler
                0x0000000008000534                TIM3_IRQHandler
                0x0000000008000534                RCC_IRQHandler
                0x0000000008000534                TIM1_TRG_COM_IRQHandler
                0x0000000008000534                DMA1_Channel1_IRQHandler
                0x0000000008000534                Default_Handler
                0x0000000008000534                EXTI15_10_IRQHandler
                0x0000000008000534                TIM7_IRQHandler
                0x0000000008000534                TIM5_IRQHandler
                0x0000000008000534                EXTI9_5_IRQHandler
                0x0000000008000534                SPI2_IRQHandler
                0x0000000008000534                USB_LP_CAN_RX0_IRQHandler
                0x0000000008000534                MemManage_Handler
                0x0000000008000534                SVC_Handler
                0x0000000008000534                DMA1_Channel5_IRQHandler
                0x0000000008000534                EXTI4_IRQHandler
                0x0000000008000534                DMA1_Channel3_IRQHandler
                0x0000000008000534                FSMC_IRQHandler
                0x0000000008000534                TIM1_UP_IRQHandler
                0x0000000008000534                WWDG_IRQHandler
                0x0000000008000534                TIM2_IRQHandler
                0x0000000008000534                TIM1_BRK_IRQHandler
                0x0000000008000534                EXTI1_IRQHandler
                0x0000000008000534                RTCAlarm_IRQHandler
                0x0000000008000534                DMA2_Channel4_5_IRQHandler
                0x0000000008000534                USART2_IRQHandler
                0x0000000008000534                I2C2_ER_IRQHandler
                0x0000000008000534                DMA1_Channel2_IRQHandler
                0x0000000008000534                TIM8_BRK_IRQHandler
                0x0000000008000534                FLASH_IRQHandler
                0x0000000008000534                BusFault_Handler
                0x0000000008000534                SPI3_IRQHandler
                0x0000000008000534                I2C1_ER_IRQHandler
                0x0000000008000534                DMA2_Channel3_IRQHandler
 *fill*         0x0000000008000536        0x2 
 .text.SystemInit
                0x0000000008000538       0x68 CMSIS/Src/system_stm32f1xx.o
                0x0000000008000538                SystemInit
 .text.SystemCoreClockUpdate
                0x00000000080005a0       0xd8 CMSIS/Src/system_stm32f1xx.o
                0x00000000080005a0                SystemCoreClockUpdate
 .text.BME280_tmpr
                0x0000000008000678       0xd4 Drivers/Src/bme280.o
                0x0000000008000678                BME280_tmpr
 .text.BME280_hum
                0x000000000800074c      0x124 Drivers/Src/bme280.o
                0x000000000800074c                BME280_hum
 .text.BME280_press
                0x0000000008000870      0x420 Drivers/Src/bme280.o
                0x0000000008000870                BME280_press
 .text.BME280_init
                0x0000000008000c90       0x42 Drivers/Src/bme280.o
                0x0000000008000c90                BME280_init
 *fill*         0x0000000008000cd2        0x2 
 .text.BME280_read
                0x0000000008000cd4       0x84 Drivers/Src/bme280.o
                0x0000000008000cd4                BME280_read
 .text.delay_init
                0x0000000008000d58       0xc8 Drivers/Src/delay.o
                0x0000000008000d58                delay_init
 .text.delay_ms
                0x0000000008000e20       0xa8 Drivers/Src/delay.o
                0x0000000008000e20                delay_ms
 .text.myputc   0x0000000008000ec8       0xa0 Drivers/Src/fonts.o
                0x0000000008000ec8                myputc
 .text.PrintChar
                0x0000000008000f68       0x1c Drivers/Src/fonts.o
                0x0000000008000f68                PrintChar
 .text.__NVIC_EnableIRQ
                0x0000000008000f84       0x38 Drivers/Src/hc_12.o
 .text.hc12_init
                0x0000000008000fbc       0x58 Drivers/Src/hc_12.o
                0x0000000008000fbc                hc12_init
 .text.Delay    0x0000000008001014       0x30 Drivers/Src/ssd1306.o
 .text.Displ_init
                0x0000000008001044       0x36 Drivers/Src/ssd1306.o
                0x0000000008001044                Displ_init
 *fill*         0x000000000800107a        0x2 
 .text.SSD1306_clear_page
                0x000000000800107c       0xe4 Drivers/Src/ssd1306.o
                0x000000000800107c                SSD1306_clear_page
 .text.Displ_clear
                0x0000000008001160      0x182 Drivers/Src/ssd1306.o
                0x0000000008001160                Displ_clear
 .text.Send_data_dspl
                0x00000000080012e2       0x24 Drivers/Src/ssd1306.o
                0x00000000080012e2                Send_data_dspl
 .text.X_addr_dspl
                0x0000000008001306       0x42 Drivers/Src/ssd1306.o
                0x0000000008001306                X_addr_dspl
 .text.Y_addr_dspl
                0x0000000008001348       0x28 Drivers/Src/ssd1306.o
                0x0000000008001348                Y_addr_dspl
 .text.ssd1306_write
                0x0000000008001370       0xd0 Drivers/Src/ssd1306.o
                0x0000000008001370                ssd1306_write
 .text.myputc2  0x0000000008001440       0x54 Drivers/Src/ssd1306.o
                0x0000000008001440                myputc2
 .text.Delay    0x0000000008001494       0x30 Drivers/Src/stm32_i2c.o
 .text.I2C_init
                0x00000000080014c4       0xe8 Drivers/Src/stm32_i2c.o
                0x00000000080014c4                I2C_init
 .text.I2C_write_1b
                0x00000000080015ac      0x188 Drivers/Src/stm32_i2c.o
                0x00000000080015ac                I2C_write_1b
 .text.I2C_read_n_b
                0x0000000008001734      0x32c Drivers/Src/stm32_i2c.o
                0x0000000008001734                I2C_read_n_b
 .text.USART_init
                0x0000000008001a60       0xd0 Drivers/Src/stm32_usart.o
                0x0000000008001a60                USART_init
 .text.xputc    0x0000000008001b30       0x50 Drivers/Src/xprintf.o
                0x0000000008001b30                xputc
 .text.xputs    0x0000000008001b80       0x28 Drivers/Src/xprintf.o
                0x0000000008001b80                xputs
 .text.xvprintf
                0x0000000008001ba8      0x374 Drivers/Src/xprintf.o
 .text.xprintf  0x0000000008001f1c       0x24 Drivers/Src/xprintf.o
                0x0000000008001f1c                xprintf
 .text.main     0x0000000008001f40      0x188 Src/main.o
                0x0000000008001f40                main
 .text.LED_init
                0x00000000080020c8       0x38 Src/main.o
                0x00000000080020c8                LED_init
 .text.USART1_IRQHandler
                0x0000000008002100       0x5c Src/main.o
                0x0000000008002100                USART1_IRQHandler
 .text.__libc_init_array
                0x000000000800215c       0x48 c:/st/stm32cubeide_1.3.0/stm32cubeide/plugins/com.st.stm32cube.ide.mcu.externaltools.gnu-tools-for-stm32.7-2018-q2-update.win32_1.4.0.202007081208/tools/bin/../lib/gcc/arm-none-eabi/7.3.1/../../../../arm-none-eabi/lib/thumb/v7-m\libc_nano.a(lib_a-init.o)
                0x000000000800215c                __libc_init_array
 *(.glue_7)
 .glue_7        0x00000000080021a4        0x0 linker stubs
 *(.glue_7t)
 .glue_7t       0x00000000080021a4        0x0 linker stubs
 *(.eh_frame)
 .eh_frame      0x00000000080021a4        0x0 c:/st/stm32cubeide_1.3.0/stm32cubeide/plugins/com.st.stm32cube.ide.mcu.externaltools.gnu-tools-for-stm32.7-2018-q2-update.win32_1.4.0.202007081208/tools/bin/../lib/gcc/arm-none-eabi/7.3.1/thumb/v7-m/crtbegin.o
 *(.init)
 .init          0x00000000080021a4        0x4 c:/st/stm32cubeide_1.3.0/stm32cubeide/plugins/com.st.stm32cube.ide.mcu.externaltools.gnu-tools-for-stm32.7-2018-q2-update.win32_1.4.0.202007081208/tools/bin/../lib/gcc/arm-none-eabi/7.3.1/thumb/v7-m/crti.o
                0x00000000080021a4                _init
 .init          0x00000000080021a8        0x8 c:/st/stm32cubeide_1.3.0/stm32cubeide/plugins/com.st.stm32cube.ide.mcu.externaltools.gnu-tools-for-stm32.7-2018-q2-update.win32_1.4.0.202007081208/tools/bin/../lib/gcc/arm-none-eabi/7.3.1/thumb/v7-m/crtn.o
 *(.fini)
 .fini          0x00000000080021b0        0x4 c:/st/stm32cubeide_1.3.0/stm32cubeide/plugins/com.st.stm32cube.ide.mcu.externaltools.gnu-tools-for-stm32.7-2018-q2-update.win32_1.4.0.202007081208/tools/bin/../lib/gcc/arm-none-eabi/7.3.1/thumb/v7-m/crti.o
                0x00000000080021b0                _fini
 .fini          0x00000000080021b4        0x8 c:/st/stm32cubeide_1.3.0/stm32cubeide/plugins/com.st.stm32cube.ide.mcu.externaltools.gnu-tools-for-stm32.7-2018-q2-update.win32_1.4.0.202007081208/tools/bin/../lib/gcc/arm-none-eabi/7.3.1/thumb/v7-m/crtn.o
                0x00000000080021bc                . = ALIGN (0x4)
                0x00000000080021bc                _etext = .

.vfp11_veneer   0x00000000080021bc        0x0
 .vfp11_veneer  0x00000000080021bc        0x0 linker stubs

.v4_bx          0x00000000080021bc        0x0
 .v4_bx         0x00000000080021bc        0x0 linker stubs

.iplt           0x00000000080021bc        0x0
 .iplt          0x00000000080021bc        0x0 c:/st/stm32cubeide_1.3.0/stm32cubeide/plugins/com.st.stm32cube.ide.mcu.externaltools.gnu-tools-for-stm32.7-2018-q2-update.win32_1.4.0.202007081208/tools/bin/../lib/gcc/arm-none-eabi/7.3.1/thumb/v7-m/crtbegin.o

.rodata         0x00000000080021bc      0x554
                0x00000000080021bc                . = ALIGN (0x4)
 *(.rodata)
 .rodata        0x00000000080021bc       0x41 Src/main.o
 *(.rodata*)
 *fill*         0x00000000080021fd        0x3 
 .rodata.AHBPrescTable
                0x0000000008002200       0x10 CMSIS/Src/system_stm32f1xx.o
                0x0000000008002200                AHBPrescTable
 .rodata.FontTable
                0x0000000008002210      0x500 Drivers/Src/fonts.o
                0x0000000008002210                FontTable
                0x0000000008002710                . = ALIGN (0x4)

.ARM.extab      0x0000000008002710        0x0
                0x0000000008002710                . = ALIGN (0x4)
 *(.ARM.extab* .gnu.linkonce.armextab.*)
                0x0000000008002710                . = ALIGN (0x4)

.ARM            0x0000000008002710        0x8
                0x0000000008002710                . = ALIGN (0x4)
                0x0000000008002710                __exidx_start = .
 *(.ARM.exidx*)
 .ARM.exidx     0x0000000008002710        0x8 c:/st/stm32cubeide_1.3.0/stm32cubeide/plugins/com.st.stm32cube.ide.mcu.externaltools.gnu-tools-for-stm32.7-2018-q2-update.win32_1.4.0.202007081208/tools/bin/../lib/gcc/arm-none-eabi/7.3.1/thumb/v7-m\libgcc.a(_udivmoddi4.o)
                0x0000000008002718                __exidx_end = .
                0x0000000008002718                . = ALIGN (0x4)

.rel.dyn        0x0000000008002718        0x0
 .rel.iplt      0x0000000008002718        0x0 c:/st/stm32cubeide_1.3.0/stm32cubeide/plugins/com.st.stm32cube.ide.mcu.externaltools.gnu-tools-for-stm32.7-2018-q2-update.win32_1.4.0.202007081208/tools/bin/../lib/gcc/arm-none-eabi/7.3.1/thumb/v7-m/crtbegin.o

.preinit_array  0x0000000008002718        0x0
                0x0000000008002718                . = ALIGN (0x4)
                0x0000000008002718                PROVIDE (__preinit_array_start = .)
 *(.preinit_array*)
                0x0000000008002718                PROVIDE (__preinit_array_end = .)
                0x0000000008002718                . = ALIGN (0x4)

.init_array     0x0000000008002718        0x4
                0x0000000008002718                . = ALIGN (0x4)
                0x0000000008002718                PROVIDE (__init_array_start = .)
 *(SORT_BY_NAME(.init_array.*))
 *(.init_array*)
 .init_array    0x0000000008002718        0x4 c:/st/stm32cubeide_1.3.0/stm32cubeide/plugins/com.st.stm32cube.ide.mcu.externaltools.gnu-tools-for-stm32.7-2018-q2-update.win32_1.4.0.202007081208/tools/bin/../lib/gcc/arm-none-eabi/7.3.1/thumb/v7-m/crtbegin.o
                0x000000000800271c                PROVIDE (__init_array_end = .)
                0x000000000800271c                . = ALIGN (0x4)

.fini_array     0x000000000800271c        0x4
                0x000000000800271c                . = ALIGN (0x4)
                [!provide]                        PROVIDE (__fini_array_start = .)
 *(SORT_BY_NAME(.fini_array.*))
 *(.fini_array*)
 .fini_array    0x000000000800271c        0x4 c:/st/stm32cubeide_1.3.0/stm32cubeide/plugins/com.st.stm32cube.ide.mcu.externaltools.gnu-tools-for-stm32.7-2018-q2-update.win32_1.4.0.202007081208/tools/bin/../lib/gcc/arm-none-eabi/7.3.1/thumb/v7-m/crtbegin.o
                [!provide]                        PROVIDE (__fini_array_end = .)
                0x0000000008002720                . = ALIGN (0x4)
                0x0000000008002720                _sidata = LOADADDR (.data)

.data           0x0000000020000000        0x8 load address 0x0000000008002720
                0x0000000020000000                . = ALIGN (0x4)
                0x0000000020000000                _sdata = .
 *(.data)
 *(.data*)
 .data.SystemCoreClock
                0x0000000020000000        0x4 CMSIS/Src/system_stm32f1xx.o
                0x0000000020000000                SystemCoreClock
 .data.xfunc_out
                0x0000000020000004        0x4 Drivers/Src/xprintf.o
                0x0000000020000004                xfunc_out
                0x0000000020000008                . = ALIGN (0x4)
                0x0000000020000008                _edata = .

.igot.plt       0x0000000020000008        0x0 load address 0x0000000008002728
 .igot.plt      0x0000000020000008        0x0 c:/st/stm32cubeide_1.3.0/stm32cubeide/plugins/com.st.stm32cube.ide.mcu.externaltools.gnu-tools-for-stm32.7-2018-q2-update.win32_1.4.0.202007081208/tools/bin/../lib/gcc/arm-none-eabi/7.3.1/thumb/v7-m/crtbegin.o
                0x0000000020000008                . = ALIGN (0x4)

.bss            0x0000000020000008       0xd0 load address 0x0000000008002728
                0x0000000020000008                _sbss = .
                0x0000000020000008                __bss_start__ = _sbss
 *(.bss)
 .bss           0x0000000020000008       0x1c c:/st/stm32cubeide_1.3.0/stm32cubeide/plugins/com.st.stm32cube.ide.mcu.externaltools.gnu-tools-for-stm32.7-2018-q2-update.win32_1.4.0.202007081208/tools/bin/../lib/gcc/arm-none-eabi/7.3.1/thumb/v7-m/crtbegin.o
 *(.bss*)
 .bss.outptr    0x0000000020000024        0x4 Drivers/Src/xprintf.o
 .bss.cnt_info  0x0000000020000028        0x1 Src/main.o
                0x0000000020000028                cnt_info
 *(COMMON)
 *fill*         0x0000000020000029        0x3 
 COMMON         0x000000002000002c       0x30 Drivers/Src/bme280.o
                0x000000002000002c                buf_calib01_25
                0x0000000020000048                buf_adc
                0x0000000020000050                buf_calib26_32
                0x0000000020000058                t_fine
 COMMON         0x000000002000005c        0x8 Drivers/Src/delay.o
                0x000000002000005c                psc_us
                0x000000002000005e                psc_ms
                0x0000000020000060                timx
 COMMON         0x0000000020000064        0x2 Drivers/Src/fonts.o
                0x0000000020000064                x_adr
                0x0000000020000065                y_adr
 *fill*         0x0000000020000066        0x2 
 COMMON         0x0000000020000068       0x70 Src/main.o
                0x0000000020000068                T
                0x000000002000006c                H
                0x0000000020000070                P
                0x0000000020000074                buf_info
                0x00000000200000d8                . = ALIGN (0x4)
                0x00000000200000d8                _ebss = .
                0x00000000200000d8                __bss_end__ = _ebss

._user_heap_stack
                0x00000000200000d8      0x600 load address 0x0000000008002728
                0x00000000200000d8                . = ALIGN (0x8)
                [!provide]                        PROVIDE (end = .)
                0x00000000200000d8                PROVIDE (_end = .)
                0x00000000200002d8                . = (. + _Min_Heap_Size)
 *fill*         0x00000000200000d8      0x200 
                0x00000000200006d8                . = (. + _Min_Stack_Size)
 *fill*         0x00000000200002d8      0x400 
                0x00000000200006d8                . = ALIGN (0x8)

/DISCARD/
 libc.a(*)
 libm.a(*)
 libgcc.a(*)

.ARM.attributes
                0x0000000000000000       0x29
 *(.ARM.attributes)
 .ARM.attributes
                0x0000000000000000       0x1d c:/st/stm32cubeide_1.3.0/stm32cubeide/plugins/com.st.stm32cube.ide.mcu.externaltools.gnu-tools-for-stm32.7-2018-q2-update.win32_1.4.0.202007081208/tools/bin/../lib/gcc/arm-none-eabi/7.3.1/thumb/v7-m/crti.o
 .ARM.attributes
                0x000000000000001d       0x2d c:/st/stm32cubeide_1.3.0/stm32cubeide/plugins/com.st.stm32cube.ide.mcu.externaltools.gnu-tools-for-stm32.7-2018-q2-update.win32_1.4.0.202007081208/tools/bin/../lib/gcc/arm-none-eabi/7.3.1/thumb/v7-m/crtbegin.o
 .ARM.attributes
                0x000000000000004a       0x21 CMSIS/Src/startup_stm32f103c8tx.o
 .ARM.attributes
                0x000000000000006b       0x33 CMSIS/Src/system_stm32f1xx.o
 .ARM.attributes
                0x000000000000009e       0x33 Drivers/Src/bme280.o
 .ARM.attributes
                0x00000000000000d1       0x33 Drivers/Src/delay.o
 .ARM.attributes
                0x0000000000000104       0x33 Drivers/Src/fonts.o
 .ARM.attributes
                0x0000000000000137       0x33 Drivers/Src/hc_12.o
 .ARM.attributes
                0x000000000000016a       0x33 Drivers/Src/ssd1306.o
 .ARM.attributes
                0x000000000000019d       0x33 Drivers/Src/stm32_i2c.o
 .ARM.attributes
                0x00000000000001d0       0x33 Drivers/Src/stm32_usart.o
 .ARM.attributes
                0x0000000000000203       0x33 Drivers/Src/xprintf.o
 .ARM.attributes
                0x0000000000000236       0x33 Src/main.o
 .ARM.attributes
                0x0000000000000269       0x2d c:/st/stm32cubeide_1.3.0/stm32cubeide/plugins/com.st.stm32cube.ide.mcu.externaltools.gnu-tools-for-stm32.7-2018-q2-update.win32_1.4.0.202007081208/tools/bin/../lib/gcc/arm-none-eabi/7.3.1/../../../../arm-none-eabi/lib/thumb/v7-m\libc_nano.a(lib_a-init.o)
 .ARM.attributes
                0x0000000000000296       0x1d c:/st/stm32cubeide_1.3.0/stm32cubeide/plugins/com.st.stm32cube.ide.mcu.externaltools.gnu-tools-for-stm32.7-2018-q2-update.win32_1.4.0.202007081208/tools/bin/../lib/gcc/arm-none-eabi/7.3.1/thumb/v7-m\libgcc.a(_aeabi_ldivmod.o)
 .ARM.attributes
                0x00000000000002b3       0x2d c:/st/stm32cubeide_1.3.0/stm32cubeide/plugins/com.st.stm32cube.ide.mcu.externaltools.gnu-tools-for-stm32.7-2018-q2-update.win32_1.4.0.202007081208/tools/bin/../lib/gcc/arm-none-eabi/7.3.1/thumb/v7-m\libgcc.a(_udivmoddi4.o)
 .ARM.attributes
                0x00000000000002e0       0x1d c:/st/stm32cubeide_1.3.0/stm32cubeide/plugins/com.st.stm32cube.ide.mcu.externaltools.gnu-tools-for-stm32.7-2018-q2-update.win32_1.4.0.202007081208/tools/bin/../lib/gcc/arm-none-eabi/7.3.1/thumb/v7-m\libgcc.a(_dvmd_tls.o)
 .ARM.attributes
                0x00000000000002fd       0x1d c:/st/stm32cubeide_1.3.0/stm32cubeide/plugins/com.st.stm32cube.ide.mcu.externaltools.gnu-tools-for-stm32.7-2018-q2-update.win32_1.4.0.202007081208/tools/bin/../lib/gcc/arm-none-eabi/7.3.1/thumb/v7-m/crtn.o
OUTPUT(meteost_cubeide_rx.elf elf32-littlearm)

.debug_line     0x0000000000000000     0x38ca
 .debug_line    0x0000000000000000       0x86 CMSIS/Src/startup_stm32f103c8tx.o
 .debug_line    0x0000000000000086      0x47c CMSIS/Src/system_stm32f1xx.o
 .debug_line    0x0000000000000502      0x58b Drivers/Src/bme280.o
 .debug_line    0x0000000000000a8d      0x4ea Drivers/Src/delay.o
 .debug_line    0x0000000000000f77      0x50b Drivers/Src/fonts.o
 .debug_line    0x0000000000001482      0x50f Drivers/Src/hc_12.o
 .debug_line    0x0000000000001991      0x61e Drivers/Src/ssd1306.o
 .debug_line    0x0000000000001faf      0x67a Drivers/Src/stm32_i2c.o
 .debug_line    0x0000000000002629      0x560 Drivers/Src/stm32_usart.o
 .debug_line    0x0000000000002b89      0x7b8 Drivers/Src/xprintf.o
 .debug_line    0x0000000000003341      0x589 Src/main.o

.debug_info     0x0000000000000000     0x2b88
 .debug_info    0x0000000000000000       0x22 CMSIS/Src/startup_stm32f103c8tx.o
 .debug_info    0x0000000000000022      0x3e5 CMSIS/Src/system_stm32f1xx.o
 .debug_info    0x0000000000000407      0x484 Drivers/Src/bme280.o
 .debug_info    0x000000000000088b      0x389 Drivers/Src/delay.o
 .debug_info    0x0000000000000c14      0x30f Drivers/Src/fonts.o
 .debug_info    0x0000000000000f23      0x52e Drivers/Src/hc_12.o
 .debug_info    0x0000000000001451      0x400 Drivers/Src/ssd1306.o
 .debug_info    0x0000000000001851      0x455 Drivers/Src/stm32_i2c.o
 .debug_info    0x0000000000001ca6      0x3f6 Drivers/Src/stm32_usart.o
 .debug_info    0x000000000000209c      0x5f9 Drivers/Src/xprintf.o
 .debug_info    0x0000000000002695      0x4f3 Src/main.o

.debug_abbrev   0x0000000000000000      0xd6e
 .debug_abbrev  0x0000000000000000       0x12 CMSIS/Src/startup_stm32f103c8tx.o
 .debug_abbrev  0x0000000000000012      0x134 CMSIS/Src/system_stm32f1xx.o
 .debug_abbrev  0x0000000000000146      0x149 Drivers/Src/bme280.o
 .debug_abbrev  0x000000000000028f      0x10f Drivers/Src/delay.o
 .debug_abbrev  0x000000000000039e      0x100 Drivers/Src/fonts.o
 .debug_abbrev  0x000000000000049e      0x159 Drivers/Src/hc_12.o
 .debug_abbrev  0x00000000000005f7      0x15c Drivers/Src/ssd1306.o
 .debug_abbrev  0x0000000000000753      0x162 Drivers/Src/stm32_i2c.o
 .debug_abbrev  0x00000000000008b5      0x164 Drivers/Src/stm32_usart.o
 .debug_abbrev  0x0000000000000a19      0x1ea Drivers/Src/xprintf.o
 .debug_abbrev  0x0000000000000c03      0x16b Src/main.o

.debug_aranges  0x0000000000000000      0x2a8
 .debug_aranges
                0x0000000000000000       0x28 CMSIS/Src/startup_stm32f103c8tx.o
 .debug_aranges
                0x0000000000000028       0x28 CMSIS/Src/system_stm32f1xx.o
 .debug_aranges
                0x0000000000000050       0x48 Drivers/Src/bme280.o
 .debug_aranges
                0x0000000000000098       0x30 Drivers/Src/delay.o
 .debug_aranges
                0x00000000000000c8       0x30 Drivers/Src/fonts.o
 .debug_aranges
                0x00000000000000f8       0x30 Drivers/Src/hc_12.o
 .debug_aranges
                0x0000000000000128       0x60 Drivers/Src/ssd1306.o
 .debug_aranges
                0x0000000000000188       0x38 Drivers/Src/stm32_i2c.o
 .debug_aranges
                0x00000000000001c0       0x40 Drivers/Src/stm32_usart.o
 .debug_aranges
                0x0000000000000200       0x78 Drivers/Src/xprintf.o
 .debug_aranges
                0x0000000000000278       0x30 Src/main.o

.debug_str      0x0000000000000000    0x54df2
 .debug_str     0x0000000000000000       0x63 CMSIS/Src/startup_stm32f103c8tx.o
 .debug_str     0x0000000000000063    0x5402c CMSIS/Src/system_stm32f1xx.o
                                      0x54293 (size before relaxing)
 .debug_str     0x000000000005408f      0x33f Drivers/Src/bme280.o
                                      0x544ba (size before relaxing)
 .debug_str     0x00000000000543ce       0x8c Drivers/Src/delay.o
                                      0x54244 (size before relaxing)
 .debug_str     0x000000000005445a       0x8f Drivers/Src/fonts.o
                                      0x542a2 (size before relaxing)
 .debug_str     0x00000000000544e9      0x346 Drivers/Src/hc_12.o
                                      0x54614 (size before relaxing)
 .debug_str     0x000000000005482f      0x1d2 Drivers/Src/ssd1306.o
                                      0x5441e (size before relaxing)
 .debug_str     0x0000000000054a01       0x7a Drivers/Src/stm32_i2c.o
                                      0x54335 (size before relaxing)
 .debug_str     0x0000000000054a7b       0x65 Drivers/Src/stm32_usart.o
                                      0x542e3 (size before relaxing)
 .debug_str     0x0000000000054ae0      0x2d2 Drivers/Src/xprintf.o
                                      0x54506 (size before relaxing)
 .debug_str     0x0000000000054db2       0x40 Src/main.o
                                      0x5466a (size before relaxing)

.debug_ranges   0x0000000000000000      0x200
 .debug_ranges  0x0000000000000000       0x20 CMSIS/Src/startup_stm32f103c8tx.o
 .debug_ranges  0x0000000000000020       0x18 CMSIS/Src/system_stm32f1xx.o
 .debug_ranges  0x0000000000000038       0x38 Drivers/Src/bme280.o
 .debug_ranges  0x0000000000000070       0x20 Drivers/Src/delay.o
 .debug_ranges  0x0000000000000090       0x20 Drivers/Src/fonts.o
 .debug_ranges  0x00000000000000b0       0x20 Drivers/Src/hc_12.o
 .debug_ranges  0x00000000000000d0       0x50 Drivers/Src/ssd1306.o
 .debug_ranges  0x0000000000000120       0x28 Drivers/Src/stm32_i2c.o
 .debug_ranges  0x0000000000000148       0x30 Drivers/Src/stm32_usart.o
 .debug_ranges  0x0000000000000178       0x68 Drivers/Src/xprintf.o
 .debug_ranges  0x00000000000001e0       0x20 Src/main.o

.debug_macro    0x0000000000000000    0x1087f
 .debug_macro   0x0000000000000000       0xce CMSIS/Src/system_stm32f1xx.o
 .debug_macro   0x00000000000000ce      0xa60 CMSIS/Src/system_stm32f1xx.o
 .debug_macro   0x0000000000000b2e       0x2e CMSIS/Src/system_stm32f1xx.o
 .debug_macro   0x0000000000000b5c       0x22 CMSIS/Src/system_stm32f1xx.o
 .debug_macro   0x0000000000000b7e       0x22 CMSIS/Src/system_stm32f1xx.o
 .debug_macro   0x0000000000000ba0       0x8e CMSIS/Src/system_stm32f1xx.o
 .debug_macro   0x0000000000000c2e       0x51 CMSIS/Src/system_stm32f1xx.o
 .debug_macro   0x0000000000000c7f       0xef CMSIS/Src/system_stm32f1xx.o
 .debug_macro   0x0000000000000d6e       0x6a CMSIS/Src/system_stm32f1xx.o
 .debug_macro   0x0000000000000dd8      0x1df CMSIS/Src/system_stm32f1xx.o
 .debug_macro   0x0000000000000fb7       0x1c CMSIS/Src/system_stm32f1xx.o
 .debug_macro   0x0000000000000fd3       0x22 CMSIS/Src/system_stm32f1xx.o
 .debug_macro   0x0000000000000ff5       0xc3 CMSIS/Src/system_stm32f1xx.o
 .debug_macro   0x00000000000010b8      0xd23 CMSIS/Src/system_stm32f1xx.o
 .debug_macro   0x0000000000001ddb     0xe09e CMSIS/Src/system_stm32f1xx.o
 .debug_macro   0x000000000000fe79       0x43 CMSIS/Src/system_stm32f1xx.o
 .debug_macro   0x000000000000febc       0xf0 Drivers/Src/bme280.o
 .debug_macro   0x000000000000ffac       0x22 Drivers/Src/bme280.o
 .debug_macro   0x000000000000ffce       0x70 Drivers/Src/bme280.o
 .debug_macro   0x000000000001003e       0xc6 Drivers/Src/delay.o
 .debug_macro   0x0000000000010104       0xe1 Drivers/Src/fonts.o
 .debug_macro   0x00000000000101e5       0xf1 Drivers/Src/hc_12.o
 .debug_macro   0x00000000000102d6       0xe6 Drivers/Src/ssd1306.o
 .debug_macro   0x00000000000103bc       0x6a Drivers/Src/ssd1306.o
 .debug_macro   0x0000000000010426       0xdd Drivers/Src/stm32_i2c.o
 .debug_macro   0x0000000000010503       0xdd Drivers/Src/stm32_usart.o
 .debug_macro   0x00000000000105e0       0xef Drivers/Src/xprintf.o
 .debug_macro   0x00000000000106cf       0x4c Drivers/Src/xprintf.o
 .debug_macro   0x000000000001071b       0x58 Drivers/Src/xprintf.o
 .debug_macro   0x0000000000010773      0x10c Src/main.o

.comment        0x0000000000000000       0x7b
 .comment       0x0000000000000000       0x7b CMSIS/Src/system_stm32f1xx.o
                                         0x7c (size before relaxing)
 .comment       0x000000000000007b       0x7c Drivers/Src/bme280.o
 .comment       0x000000000000007b       0x7c Drivers/Src/delay.o
 .comment       0x000000000000007b       0x7c Drivers/Src/fonts.o
 .comment       0x000000000000007b       0x7c Drivers/Src/hc_12.o
 .comment       0x000000000000007b       0x7c Drivers/Src/ssd1306.o
 .comment       0x000000000000007b       0x7c Drivers/Src/stm32_i2c.o
 .comment       0x000000000000007b       0x7c Drivers/Src/stm32_usart.o
 .comment       0x000000000000007b       0x7c Drivers/Src/xprintf.o
 .comment       0x000000000000007b       0x7c Src/main.o

.debug_frame    0x0000000000000000      0x8d8
 .debug_frame   0x0000000000000000       0x58 CMSIS/Src/system_stm32f1xx.o
 .debug_frame   0x0000000000000058      0x100 Drivers/Src/bme280.o
 .debug_frame   0x0000000000000158       0x84 Drivers/Src/delay.o
 .debug_frame   0x00000000000001dc       0x7c Drivers/Src/fonts.o
 .debug_frame   0x0000000000000258       0x80 Drivers/Src/hc_12.o
 .debug_frame   0x00000000000002d8      0x15c Drivers/Src/ssd1306.o
 .debug_frame   0x0000000000000434       0xb0 Drivers/Src/stm32_i2c.o
 .debug_frame   0x00000000000004e4       0xcc Drivers/Src/stm32_usart.o
 .debug_frame   0x00000000000005b0      0x208 Drivers/Src/xprintf.o
 .debug_frame   0x00000000000007b8       0x7c Src/main.o
 .debug_frame   0x0000000000000834       0x2c c:/st/stm32cubeide_1.3.0/stm32cubeide/plugins/com.st.stm32cube.ide.mcu.externaltools.gnu-tools-for-stm32.7-2018-q2-update.win32_1.4.0.202007081208/tools/bin/../lib/gcc/arm-none-eabi/7.3.1/../../../../arm-none-eabi/lib/thumb/v7-m\libc_nano.a(lib_a-init.o)
 .debug_frame   0x0000000000000860       0x44 c:/st/stm32cubeide_1.3.0/stm32cubeide/plugins/com.st.stm32cube.ide.mcu.externaltools.gnu-tools-for-stm32.7-2018-q2-update.win32_1.4.0.202007081208/tools/bin/../lib/gcc/arm-none-eabi/7.3.1/thumb/v7-m\libgcc.a(_aeabi_ldivmod.o)
 .debug_frame   0x00000000000008a4       0x34 c:/st/stm32cubeide_1.3.0/stm32cubeide/plugins/com.st.stm32cube.ide.mcu.externaltools.gnu-tools-for-stm32.7-2018-q2-update.win32_1.4.0.202007081208/tools/bin/../lib/gcc/arm-none-eabi/7.3.1/thumb/v7-m\libgcc.a(_udivmoddi4.o)
